Mar 22 22:31:00 theBorg liblogging-stdlog:  [origin software="rsyslogd" swVersion="8.23.0" x-pid="1469" x-info="http://www.rsyslog.com"] start
Mar 22 22:31:00 theBorg kernel: Linux version 4.9.10-unRAID (root@develop64) (gcc version 5.4.0 (GCC) ) #1 SMP PREEMPT Wed Feb 15 09:38:14 PST 2017
Mar 22 22:31:00 theBorg kernel: Command line: BOOT_IMAGE=/bzimage initrd=/bzroot
Mar 22 22:31:00 theBorg kernel: x86/fpu: Supporting XSAVE feature 0x001: 'x87 floating point registers'
Mar 22 22:31:00 theBorg kernel: x86/fpu: Supporting XSAVE feature 0x002: 'SSE registers'
Mar 22 22:31:00 theBorg kernel: x86/fpu: Supporting XSAVE feature 0x004: 'AVX registers'
Mar 22 22:31:00 theBorg kernel: x86/fpu: Supporting XSAVE feature 0x008: 'MPX bounds registers'
Mar 22 22:31:00 theBorg kernel: x86/fpu: Supporting XSAVE feature 0x010: 'MPX CSR'
Mar 22 22:31:00 theBorg kernel: x86/fpu: xstate_offset[2]:  576, xstate_sizes[2]:  256
Mar 22 22:31:00 theBorg kernel: x86/fpu: xstate_offset[3]:  832, xstate_sizes[3]:   64
Mar 22 22:31:00 theBorg kernel: x86/fpu: xstate_offset[4]:  896, xstate_sizes[4]:   64
Mar 22 22:31:00 theBorg kernel: x86/fpu: Enabled xstate features 0x1f, context size is 960 bytes, using 'compacted' format.
Mar 22 22:31:00 theBorg kernel: x86/fpu: Using 'eager' FPU context switches.
Mar 22 22:31:00 theBorg kernel: e820: BIOS-provided physical RAM map:
Mar 22 22:31:00 theBorg kernel: BIOS-e820: [mem 0x0000000000000000-0x000000000009c7ff] usable
Mar 22 22:31:00 theBorg kernel: BIOS-e820: [mem 0x000000000009c800-0x000000000009ffff] reserved
Mar 22 22:31:00 theBorg kernel: BIOS-e820: [mem 0x00000000000e0000-0x00000000000fffff] reserved
Mar 22 22:31:00 theBorg kernel: BIOS-e820: [mem 0x0000000000100000-0x00000000713e5fff] usable
Mar 22 22:31:00 theBorg kernel: BIOS-e820: [mem 0x00000000713e6000-0x00000000713e6fff] ACPI NVS
Mar 22 22:31:00 theBorg kernel: BIOS-e820: [mem 0x00000000713e7000-0x0000000071410fff] reserved
Mar 22 22:31:00 theBorg kernel: BIOS-e820: [mem 0x0000000071411000-0x000000007145efff] usable
Mar 22 22:31:00 theBorg kernel: BIOS-e820: [mem 0x000000007145f000-0x0000000071aa5fff] reserved
Mar 22 22:31:00 theBorg kernel: BIOS-e820: [mem 0x0000000071aa6000-0x0000000077044fff] usable
Mar 22 22:31:00 theBorg kernel: BIOS-e820: [mem 0x0000000077045000-0x0000000077118fff] reserved
Mar 22 22:31:00 theBorg kernel: BIOS-e820: [mem 0x0000000077119000-0x0000000077326fff] usable
Mar 22 22:31:00 theBorg kernel: BIOS-e820: [mem 0x0000000077327000-0x0000000077ab8fff] ACPI NVS
Mar 22 22:31:00 theBorg kernel: BIOS-e820: [mem 0x0000000077ab9000-0x0000000077ffefff] reserved
Mar 22 22:31:00 theBorg kernel: BIOS-e820: [mem 0x0000000077fff000-0x0000000077ffffff] usable
Mar 22 22:31:00 theBorg kernel: BIOS-e820: [mem 0x00000000e0000000-0x00000000efffffff] reserved
Mar 22 22:31:00 theBorg kernel: BIOS-e820: [mem 0x00000000fe000000-0x00000000fe010fff] reserved
Mar 22 22:31:00 theBorg kernel: BIOS-e820: [mem 0x00000000fec00000-0x00000000fec00fff] reserved
Mar 22 22:31:00 theBorg kernel: BIOS-e820: [mem 0x00000000fee00000-0x00000000fee00fff] reserved
Mar 22 22:31:00 theBorg kernel: BIOS-e820: [mem 0x00000000ff000000-0x00000000ffffffff] reserved
Mar 22 22:31:00 theBorg kernel: BIOS-e820: [mem 0x0000000100000000-0x0000000274ffffff] usable
Mar 22 22:31:00 theBorg kernel: NX (Execute Disable) protection: active
Mar 22 22:31:00 theBorg kernel: SMBIOS 2.8 present.
Mar 22 22:31:00 theBorg kernel: DMI: To Be Filled By O.E.M. To Be Filled By O.E.M./H170M Pro4S, BIOS P1.00 07/14/2015
Mar 22 22:31:00 theBorg kernel: e820: update [mem 0x00000000-0x00000fff] usable ==> reserved
Mar 22 22:31:00 theBorg kernel: e820: remove [mem 0x000a0000-0x000fffff] usable
Mar 22 22:31:00 theBorg kernel: e820: last_pfn = 0x275000 max_arch_pfn = 0x400000000
Mar 22 22:31:00 theBorg kernel: MTRR default type: write-back
Mar 22 22:31:00 theBorg kernel: MTRR fixed ranges enabled:
Mar 22 22:31:00 theBorg kernel:  00000-9FFFF write-back
Mar 22 22:31:00 theBorg kernel:  A0000-BFFFF uncachable
Mar 22 22:31:00 theBorg kernel:  C0000-FFFFF write-protect
Mar 22 22:31:00 theBorg kernel: MTRR variable ranges enabled:
Mar 22 22:31:00 theBorg kernel:  0 base 0080000000 mask 7F80000000 uncachable
Mar 22 22:31:00 theBorg kernel:  1 base 007C000000 mask 7FFC000000 uncachable
Mar 22 22:31:00 theBorg kernel:  2 base 007A000000 mask 7FFE000000 uncachable
Mar 22 22:31:00 theBorg kernel:  3 base 0079000000 mask 7FFF000000 uncachable
Mar 22 22:31:00 theBorg kernel:  4 base 0078800000 mask 7FFF800000 uncachable
Mar 22 22:31:00 theBorg kernel:  5 disabled
Mar 22 22:31:00 theBorg kernel:  6 disabled
Mar 22 22:31:00 theBorg kernel:  7 disabled
Mar 22 22:31:00 theBorg kernel:  8 disabled
Mar 22 22:31:00 theBorg kernel:  9 disabled
Mar 22 22:31:00 theBorg kernel: x86/PAT: Configuration [0-7]: WB  WC  UC- UC  WB  WC  UC- WT  
Mar 22 22:31:00 theBorg kernel: e820: last_pfn = 0x78000 max_arch_pfn = 0x400000000
Mar 22 22:31:00 theBorg kernel: found SMP MP-table at [mem 0x000fc610-0x000fc61f] mapped at [ffff8800000fc610]
Mar 22 22:31:00 theBorg kernel: Base memory trampoline at [ffff880000096000] 96000 size 24576
Mar 22 22:31:00 theBorg kernel: Using GB pages for direct mapping
Mar 22 22:31:00 theBorg kernel: BRK [0x01e29000, 0x01e29fff] PGTABLE
Mar 22 22:31:00 theBorg kernel: BRK [0x01e2a000, 0x01e2afff] PGTABLE
Mar 22 22:31:00 theBorg kernel: BRK [0x01e2b000, 0x01e2bfff] PGTABLE
Mar 22 22:31:00 theBorg kernel: BRK [0x01e2c000, 0x01e2cfff] PGTABLE
Mar 22 22:31:00 theBorg kernel: BRK [0x01e2d000, 0x01e2dfff] PGTABLE
Mar 22 22:31:00 theBorg kernel: BRK [0x01e2e000, 0x01e2efff] PGTABLE
Mar 22 22:31:00 theBorg kernel: RAMDISK: [mem 0x723a8000-0x77044fff]
Mar 22 22:31:00 theBorg kernel: ACPI: Early table checksum verification disabled
Mar 22 22:31:00 theBorg kernel: ACPI: RSDP 0x00000000000F05B0 000024 (v02 ALASKA)
Mar 22 22:31:00 theBorg kernel: ACPI: XSDT 0x0000000077A79098 0000AC (v01 ALASKA A M I    01072009 AMI  00010013)
Mar 22 22:31:00 theBorg kernel: ACPI: FACP 0x0000000077A99FD8 00010C (v05 ALASKA A M I    01072009 AMI  00010013)
Mar 22 22:31:00 theBorg kernel: ACPI: DSDT 0x0000000077A791D8 020E00 (v02 ALASKA A M I    01072009 INTL 20120913)
Mar 22 22:31:00 theBorg kernel: ACPI: FACS 0x0000000077AB8F80 000040
Mar 22 22:31:00 theBorg kernel: ACPI: APIC 0x0000000077A9A0E8 000084 (v03 ALASKA A M I    01072009 AMI  00010013)
Mar 22 22:31:00 theBorg kernel: ACPI: FPDT 0x0000000077A9A170 000044 (v01 ALASKA A M I    01072009 AMI  00010013)
Mar 22 22:31:00 theBorg kernel: ACPI: FIDT 0x0000000077A9A1B8 00009C (v01 ALASKA A M I    01072009 AMI  00010013)
Mar 22 22:31:00 theBorg kernel: ACPI: MCFG 0x0000000077A9A258 00003C (v01 ALASKA A M I    01072009 MSFT 00000097)
Mar 22 22:31:00 theBorg kernel: ACPI: HPET 0x0000000077A9A298 000038 (v01 ALASKA A M I    01072009 AMI. 0005000B)
Mar 22 22:31:00 theBorg kernel: ACPI: SSDT 0x0000000077A9A2D0 00036D (v01 SataRe SataTabl 00001000 INTL 20120913)
Mar 22 22:31:00 theBorg kernel: ACPI: LPIT 0x0000000077A9A640 000094 (v01 INTEL  SKL      00000000 MSFT 0000005F)
Mar 22 22:31:00 theBorg kernel: ACPI: DBGP 0x0000000077A9A6D8 000034 (v01 INTEL           00000000 MSFT 0000005F)
Mar 22 22:31:00 theBorg kernel: ACPI: DBG2 0x0000000077A9A710 000054 (v00 INTEL           00000000 MSFT 0000005F)
Mar 22 22:31:00 theBorg kernel: ACPI: SSDT 0x0000000077A9A768 00061A (v02 INTEL  xh_rvp08 00000000 INTL 20120913)
Mar 22 22:31:00 theBorg kernel: ACPI: AAFT 0x0000000077A9AD88 000345 (v01 ALASKA OEMAAFT  01072009 MSFT 00000097)
Mar 22 22:31:00 theBorg kernel: ACPI: SSDT 0x0000000077A9B0D0 0051E8 (v02 SaSsdt SaSsdt   00003000 INTL 20120913)
Mar 22 22:31:00 theBorg kernel: ACPI: UEFI 0x0000000077AA02B8 000042 (v01                 00000000      00000000)
Mar 22 22:31:00 theBorg kernel: ACPI: SSDT 0x0000000077AA0300 000E58 (v02 CpuRef CpuSsdt  00003000 INTL 20120913)
Mar 22 22:31:00 theBorg kernel: ACPI: DMAR 0x0000000077AA1158 0000A8 (v01 INTEL  SKL      00000001 INTL 00000001)
Mar 22 22:31:00 theBorg kernel: ACPI: ASF! 0x0000000077AA1200 0000A5 (v32 INTEL   HCG     00000001 TFSM 000F4240)
Mar 22 22:31:00 theBorg kernel: ACPI: Local APIC address 0xfee00000
Mar 22 22:31:00 theBorg kernel: No NUMA configuration found
Mar 22 22:31:00 theBorg kernel: Faking a node at [mem 0x0000000000000000-0x0000000274ffffff]
Mar 22 22:31:00 theBorg kernel: NODE_DATA(0) allocated [mem 0x274ff7000-0x274ffafff]
Mar 22 22:31:00 theBorg kernel: Zone ranges:
Mar 22 22:31:00 theBorg kernel:  DMA      [mem 0x0000000000001000-0x0000000000ffffff]
Mar 22 22:31:00 theBorg kernel:  DMA32    [mem 0x0000000001000000-0x00000000ffffffff]
Mar 22 22:31:00 theBorg kernel:  Normal   [mem 0x0000000100000000-0x0000000274ffffff]
Mar 22 22:31:00 theBorg kernel: Movable zone start for each node
Mar 22 22:31:00 theBorg kernel: Early memory node ranges
Mar 22 22:31:00 theBorg kernel:  node   0: [mem 0x0000000000001000-0x000000000009bfff]
Mar 22 22:31:00 theBorg kernel:  node   0: [mem 0x0000000000100000-0x00000000713e5fff]
Mar 22 22:31:00 theBorg kernel:  node   0: [mem 0x0000000071411000-0x000000007145efff]
Mar 22 22:31:00 theBorg kernel:  node   0: [mem 0x0000000071aa6000-0x0000000077044fff]
Mar 22 22:31:00 theBorg kernel:  node   0: [mem 0x0000000077119000-0x0000000077326fff]
Mar 22 22:31:00 theBorg kernel:  node   0: [mem 0x0000000077fff000-0x0000000077ffffff]
Mar 22 22:31:00 theBorg kernel:  node   0: [mem 0x0000000100000000-0x0000000274ffffff]
Mar 22 22:31:00 theBorg kernel: Initmem setup node 0 [mem 0x0000000000001000-0x0000000274ffffff]
Mar 22 22:31:00 theBorg kernel: On node 0 totalpages: 2014077
Mar 22 22:31:00 theBorg kernel:  DMA zone: 64 pages used for memmap
Mar 22 22:31:00 theBorg kernel:  DMA zone: 21 pages reserved
Mar 22 22:31:00 theBorg kernel:  DMA zone: 3995 pages, LIFO batch:0
Mar 22 22:31:00 theBorg kernel:  DMA32 zone: 7536 pages used for memmap
Mar 22 22:31:00 theBorg kernel:  DMA32 zone: 482274 pages, LIFO batch:31
Mar 22 22:31:00 theBorg kernel:  Normal zone: 23872 pages used for memmap
Mar 22 22:31:00 theBorg kernel:  Normal zone: 1527808 pages, LIFO batch:31
Mar 22 22:31:00 theBorg kernel: Reserving Intel graphics memory at 0x0000000079000000-0x0000000088ffffff
Mar 22 22:31:00 theBorg kernel: ACPI: PM-Timer IO Port: 0x1808
Mar 22 22:31:00 theBorg kernel: ACPI: Local APIC address 0xfee00000
Mar 22 22:31:00 theBorg kernel: ACPI: LAPIC_NMI (acpi_id[0x01] high edge lint[0x1])
Mar 22 22:31:00 theBorg kernel: ACPI: LAPIC_NMI (acpi_id[0x02] high edge lint[0x1])
Mar 22 22:31:00 theBorg kernel: ACPI: LAPIC_NMI (acpi_id[0x03] high edge lint[0x1])
Mar 22 22:31:00 theBorg kernel: ACPI: LAPIC_NMI (acpi_id[0x04] high edge lint[0x1])
Mar 22 22:31:00 theBorg kernel: IOAPIC[0]: apic_id 2, version 32, address 0xfec00000, GSI 0-119
Mar 22 22:31:00 theBorg kernel: ACPI: INT_SRC_OVR (bus 0 bus_irq 0 global_irq 2 dfl dfl)
Mar 22 22:31:00 theBorg kernel: ACPI: INT_SRC_OVR (bus 0 bus_irq 9 global_irq 9 high level)
Mar 22 22:31:00 theBorg kernel: ACPI: IRQ0 used by override.
Mar 22 22:31:00 theBorg kernel: ACPI: IRQ9 used by override.
Mar 22 22:31:00 theBorg kernel: Using ACPI (MADT) for SMP configuration information
Mar 22 22:31:00 theBorg kernel: ACPI: HPET id: 0x8086a701 base: 0xfed00000
Mar 22 22:31:00 theBorg kernel: smpboot: Allowing 4 CPUs, 0 hotplug CPUs
Mar 22 22:31:00 theBorg kernel: e820: [mem 0x89000000-0xdfffffff] available for PCI devices
Mar 22 22:31:00 theBorg kernel: Booting paravirtualized kernel on bare hardware
Mar 22 22:31:00 theBorg kernel: clocksource: refined-jiffies: mask: 0xffffffff max_cycles: 0xffffffff, max_idle_ns: 1910969940391419 ns
Mar 22 22:31:00 theBorg kernel: setup_percpu: NR_CPUS:256 nr_cpumask_bits:256 nr_cpu_ids:4 nr_node_ids:1
Mar 22 22:31:00 theBorg kernel: percpu: Embedded 34 pages/cpu @ffff880274c00000 s101720 r8192 d29352 u524288
Mar 22 22:31:00 theBorg kernel: pcpu-alloc: s101720 r8192 d29352 u524288 alloc=1*2097152
Mar 22 22:31:00 theBorg kernel: pcpu-alloc: [0] 0 1 2 3 
Mar 22 22:31:00 theBorg kernel: Built 1 zonelists in Node order, mobility grouping on.  Total pages: 1982584
Mar 22 22:31:00 theBorg kernel: Policy zone: Normal
Mar 22 22:31:00 theBorg kernel: Kernel command line: BOOT_IMAGE=/bzimage initrd=/bzroot
Mar 22 22:31:00 theBorg kernel: PID hash table entries: 4096 (order: 3, 32768 bytes)
Mar 22 22:31:00 theBorg kernel: Memory: 7769676K/8056308K available (6654K kernel code, 704K rwdata, 2084K rodata, 968K init, 496K bss, 286632K reserved, 0K cma-reserved)
Mar 22 22:31:00 theBorg kernel: SLUB: HWalign=64, Order=0-3, MinObjects=0, CPUs=4, Nodes=1
Mar 22 22:31:00 theBorg kernel: Preemptible hierarchical RCU implementation.
Mar 22 22:31:00 theBorg kernel: 	Build-time adjustment of leaf fanout to 64.
Mar 22 22:31:00 theBorg kernel: 	RCU restricting CPUs from NR_CPUS=256 to nr_cpu_ids=4.
Mar 22 22:31:00 theBorg kernel: RCU: Adjusting geometry for rcu_fanout_leaf=64, nr_cpu_ids=4
Mar 22 22:31:00 theBorg kernel: NR_IRQS:16640 nr_irqs:1024 16
Mar 22 22:31:00 theBorg kernel: spurious 8259A interrupt: IRQ7.
Mar 22 22:31:00 theBorg kernel: Console: colour VGA+ 80x25
Mar 22 22:31:00 theBorg kernel: console [tty0] enabled
Mar 22 22:31:00 theBorg kernel: clocksource: hpet: mask: 0xffffffff max_cycles: 0xffffffff, max_idle_ns: 79635855245 ns
Mar 22 22:31:00 theBorg kernel: hpet clockevent registered
Mar 22 22:31:00 theBorg kernel: tsc: Detected 3700.000 MHz processor
Mar 22 22:31:00 theBorg kernel: Calibrating delay loop (skipped), value calculated using timer frequency.. 7392.00 BogoMIPS (lpj=3696000)
Mar 22 22:31:00 theBorg kernel: pid_max: default: 32768 minimum: 301
Mar 22 22:31:00 theBorg kernel: ACPI: Core revision 20160831
Mar 22 22:31:00 theBorg kernel: ACPI Error: [\_SB_.PCI0.XHC_.RHUB.HS11] Namespace lookup failure, AE_NOT_FOUND (20160831/dswload-210)
Mar 22 22:31:00 theBorg kernel: ACPI Exception: AE_NOT_FOUND, During name lookup/catalog (20160831/psobject-227)
Mar 22 22:31:00 theBorg kernel: ACPI Exception: AE_NOT_FOUND, (SSDT:xh_rvp08) while loading table (20160831/tbxfload-228)
Mar 22 22:31:00 theBorg kernel: ACPI Error: 1 table load failures, 4 successful (20160831/tbxfload-246)
Mar 22 22:31:00 theBorg kernel: Dentry cache hash table entries: 1048576 (order: 11, 8388608 bytes)
Mar 22 22:31:00 theBorg kernel: Inode-cache hash table entries: 524288 (order: 10, 4194304 bytes)
Mar 22 22:31:00 theBorg kernel: Mount-cache hash table entries: 16384 (order: 5, 131072 bytes)
Mar 22 22:31:00 theBorg kernel: Mountpoint-cache hash table entries: 16384 (order: 5, 131072 bytes)
Mar 22 22:31:00 theBorg kernel: CPU: Physical Processor ID: 0
Mar 22 22:31:00 theBorg kernel: CPU: Processor Core ID: 0
Mar 22 22:31:00 theBorg kernel: ENERGY_PERF_BIAS: Set to 'normal', was 'performance'
Mar 22 22:31:00 theBorg kernel: ENERGY_PERF_BIAS: View and update with x86_energy_perf_policy(8)
Mar 22 22:31:00 theBorg kernel: mce: CPU supports 8 MCE banks
Mar 22 22:31:00 theBorg kernel: CPU0: Thermal monitoring enabled (TM1)
Mar 22 22:31:00 theBorg kernel: process: using mwait in idle threads
Mar 22 22:31:00 theBorg kernel: Last level iTLB entries: 4KB 64, 2MB 8, 4MB 8
Mar 22 22:31:00 theBorg kernel: Last level dTLB entries: 4KB 64, 2MB 0, 4MB 0, 1GB 4
Mar 22 22:31:00 theBorg kernel: Freeing SMP alternatives memory: 32K (ffffffff81da4000 - ffffffff81dac000)
Mar 22 22:31:00 theBorg kernel: smpboot: Max logical packages: 2
Mar 22 22:31:00 theBorg kernel: DMAR: Host address width 39
Mar 22 22:31:00 theBorg kernel: DMAR: DRHD base: 0x000000fed90000 flags: 0x0
Mar 22 22:31:00 theBorg kernel: DMAR: dmar0: reg_base_addr fed90000 ver 1:0 cap 1c0000c40660462 ecap 7e3ff0505e
Mar 22 22:31:00 theBorg kernel: DMAR: DRHD base: 0x000000fed91000 flags: 0x1
Mar 22 22:31:00 theBorg kernel: DMAR: dmar1: reg_base_addr fed91000 ver 1:0 cap d2008c40660462 ecap f050da
Mar 22 22:31:00 theBorg kernel: DMAR: RMRR base: 0x0000007707b000 end: 0x0000007709afff
Mar 22 22:31:00 theBorg kernel: DMAR: RMRR base: 0x00000078800000 end: 0x00000088ffffff
Mar 22 22:31:00 theBorg kernel: DMAR-IR: IOAPIC id 2 under DRHD base  0xfed91000 IOMMU 1
Mar 22 22:31:00 theBorg kernel: DMAR-IR: HPET id 0 under DRHD base 0xfed91000
Mar 22 22:31:00 theBorg kernel: DMAR-IR: x2apic is disabled because BIOS sets x2apic opt out bit.
Mar 22 22:31:00 theBorg kernel: DMAR-IR: Use 'intremap=no_x2apic_optout' to override the BIOS setting.
Mar 22 22:31:00 theBorg kernel: DMAR-IR: Enabled IRQ remapping in xapic mode
Mar 22 22:31:00 theBorg kernel: x2apic: IRQ remapping doesn't support X2APIC mode
Mar 22 22:31:00 theBorg kernel: ..TIMER: vector=0x30 apic1=0 pin1=2 apic2=-1 pin2=-1
Mar 22 22:31:00 theBorg kernel: TSC deadline timer enabled
Mar 22 22:31:00 theBorg kernel: smpboot: CPU0: Intel(R) Core(TM) i3-6100 CPU @ 3.70GHz (family: 0x6, model: 0x5e, stepping: 0x3)
Mar 22 22:31:00 theBorg kernel: Performance Events: PEBS fmt3+, Skylake events, 32-deep LBR, full-width counters, Intel PMU driver.
Mar 22 22:31:00 theBorg kernel: ... version:                4
Mar 22 22:31:00 theBorg kernel: ... bit width:              48
Mar 22 22:31:00 theBorg kernel: ... generic registers:      4
Mar 22 22:31:00 theBorg kernel: ... value mask:             0000ffffffffffff
Mar 22 22:31:00 theBorg kernel: ... max period:             00007fffffffffff
Mar 22 22:31:00 theBorg kernel: ... fixed-purpose events:   3
Mar 22 22:31:00 theBorg kernel: ... event mask:             000000070000000f
Mar 22 22:31:00 theBorg kernel: x86: Booting SMP configuration:
Mar 22 22:31:00 theBorg kernel: .... node  #0, CPUs:      #1 #2 #3
Mar 22 22:31:00 theBorg kernel: x86: Booted up 1 node, 4 CPUs
Mar 22 22:31:00 theBorg kernel: smpboot: Total of 4 processors activated (29581.78 BogoMIPS)
Mar 22 22:31:00 theBorg kernel: devtmpfs: initialized
Mar 22 22:31:00 theBorg kernel: x86/mm: Memory block size: 128MB
Mar 22 22:31:00 theBorg kernel: PM: Registering ACPI NVS region [mem 0x713e6000-0x713e6fff] (4096 bytes)
Mar 22 22:31:00 theBorg kernel: PM: Registering ACPI NVS region [mem 0x77327000-0x77ab8fff] (7938048 bytes)
Mar 22 22:31:00 theBorg kernel: clocksource: jiffies: mask: 0xffffffff max_cycles: 0xffffffff, max_idle_ns: 1911260446275000 ns
Mar 22 22:31:00 theBorg kernel: xor: automatically using best checksumming function   avx       
Mar 22 22:31:00 theBorg kernel: NET: Registered protocol family 16
Mar 22 22:31:00 theBorg kernel: cpuidle: using governor ladder
Mar 22 22:31:00 theBorg kernel: cpuidle: using governor menu
Mar 22 22:31:00 theBorg kernel: ACPI FADT declares the system doesn't support PCIe ASPM, so disable it
Mar 22 22:31:00 theBorg kernel: ACPI: bus type PCI registered
Mar 22 22:31:00 theBorg kernel: PCI: MMCONFIG for domain 0000 [bus 00-ff] at [mem 0xe0000000-0xefffffff] (base 0xe0000000)
Mar 22 22:31:00 theBorg kernel: PCI: MMCONFIG at [mem 0xe0000000-0xefffffff] reserved in E820
Mar 22 22:31:00 theBorg kernel: PCI: Using configuration type 1 for base access
Mar 22 22:31:00 theBorg kernel: raid6: sse2x1   gen() 12058 MB/s
Mar 22 22:31:00 theBorg kernel: raid6: sse2x1   xor()  8519 MB/s
Mar 22 22:31:00 theBorg kernel: raid6: sse2x2   gen() 15808 MB/s
Mar 22 22:31:00 theBorg kernel: raid6: sse2x2   xor() 10212 MB/s
Mar 22 22:31:00 theBorg kernel: raid6: sse2x4   gen() 17078 MB/s
Mar 22 22:31:00 theBorg kernel: raid6: sse2x4   xor() 12255 MB/s
Mar 22 22:31:00 theBorg kernel: raid6: avx2x1   gen() 24289 MB/s
Mar 22 22:31:00 theBorg kernel: raid6: avx2x2   gen() 29085 MB/s
Mar 22 22:31:00 theBorg kernel: raid6: avx2x4   gen() 31808 MB/s
Mar 22 22:31:00 theBorg kernel: raid6: using algorithm avx2x4 gen() 31808 MB/s
Mar 22 22:31:00 theBorg kernel: raid6: sse2x1   xor()  6589 MB/s
Mar 22 22:31:00 theBorg kernel: raid6: sse2x2   xor()  8367 MB/s
Mar 22 22:31:00 theBorg kernel: raid6: sse2x4   xor()  9677 MB/s
Mar 22 22:31:00 theBorg kernel: raid6: .... xor() 9677 MB/s, rmw enabled
Mar 22 22:31:00 theBorg kernel: raid6: using avx2x2 recovery algorithm
Mar 22 22:31:00 theBorg kernel: ACPI: Added _OSI(Module Device)
Mar 22 22:31:00 theBorg kernel: ACPI: Added _OSI(Processor Device)
Mar 22 22:31:00 theBorg kernel: ACPI: Added _OSI(3.0 _SCP Extensions)
Mar 22 22:31:00 theBorg kernel: ACPI: Added _OSI(Processor Aggregator Device)
Mar 22 22:31:00 theBorg kernel: ACPI: Executed 21 blocks of module-level executable AML code
Mar 22 22:31:00 theBorg kernel: ACPI: [Firmware Bug]: BIOS _OSI(Linux) query ignored
Mar 22 22:31:00 theBorg kernel: ACPI: Dynamic OEM Table Load:
Mar 22 22:31:00 theBorg kernel: ACPI: SSDT 0xFFFF88026B5AE800 000726 (v02 PmRef  Cpu0Ist  00003000 INTL 20120913)
Mar 22 22:31:00 theBorg kernel: ACPI: \_PR_.CPU0: _OSC native thermal LVT Acked
Mar 22 22:31:00 theBorg kernel: ACPI: Dynamic OEM Table Load:
Mar 22 22:31:00 theBorg kernel: ACPI: SSDT 0xFFFF88026ADA4800 00037F (v02 PmRef  Cpu0Cst  00003001 INTL 20120913)
Mar 22 22:31:00 theBorg kernel: ACPI: Dynamic OEM Table Load:
Mar 22 22:31:00 theBorg kernel: ACPI: SSDT 0xFFFF88026B5AF000 0005AA (v02 PmRef  ApIst    00003000 INTL 20120913)
Mar 22 22:31:00 theBorg kernel: ACPI: Dynamic OEM Table Load:
Mar 22 22:31:00 theBorg kernel: ACPI: SSDT 0xFFFF88026AC58200 000119 (v02 PmRef  ApCst    00003000 INTL 20120913)
Mar 22 22:31:00 theBorg kernel: ACPI: Interpreter enabled
Mar 22 22:31:00 theBorg kernel: ACPI: (supports S0 S3 S5)
Mar 22 22:31:00 theBorg kernel: ACPI: Using IOAPIC for interrupt routing
Mar 22 22:31:00 theBorg kernel: PCI: Using host bridge windows from ACPI; if necessary, use "pci=nocrs" and report a bug
Mar 22 22:31:00 theBorg kernel: ACPI: Power Resource [WRST] (off)
Mar 22 22:31:00 theBorg kernel: ACPI: Power Resource [WRST] (off)
Mar 22 22:31:00 theBorg kernel: ACPI: Power Resource [WRST] (off)
Mar 22 22:31:00 theBorg kernel: ACPI: Power Resource [WRST] (off)
Mar 22 22:31:00 theBorg kernel: ACPI: Power Resource [WRST] (off)
Mar 22 22:31:00 theBorg kernel: ACPI: Power Resource [WRST] (off)
Mar 22 22:31:00 theBorg kernel: ACPI: Power Resource [WRST] (off)
Mar 22 22:31:00 theBorg kernel: ACPI: Power Resource [WRST] (off)
Mar 22 22:31:00 theBorg kernel: ACPI: Power Resource [WRST] (off)
Mar 22 22:31:00 theBorg kernel: ACPI: Power Resource [WRST] (off)
Mar 22 22:31:00 theBorg kernel: ACPI: Power Resource [WRST] (off)
Mar 22 22:31:00 theBorg kernel: ACPI: Power Resource [WRST] (off)
Mar 22 22:31:00 theBorg kernel: ACPI: Power Resource [WRST] (off)
Mar 22 22:31:00 theBorg kernel: ACPI: Power Resource [WRST] (off)
Mar 22 22:31:00 theBorg kernel: ACPI: Power Resource [WRST] (off)
Mar 22 22:31:00 theBorg kernel: ACPI: Power Resource [WRST] (off)
Mar 22 22:31:00 theBorg kernel: ACPI: Power Resource [WRST] (off)
Mar 22 22:31:00 theBorg kernel: ACPI: Power Resource [WRST] (off)
Mar 22 22:31:00 theBorg kernel: ACPI: Power Resource [WRST] (off)
Mar 22 22:31:00 theBorg kernel: ACPI: Power Resource [WRST] (off)
Mar 22 22:31:00 theBorg kernel: ACPI: PCI Root Bridge [PCI0] (domain 0000 [bus 00-fe])
Mar 22 22:31:00 theBorg kernel: acpi PNP0A08:00: _OSC: OS supports [ExtendedConfig ASPM ClockPM Segments MSI]
Mar 22 22:31:00 theBorg kernel: acpi PNP0A08:00: _OSC: OS now controls [PCIeHotplug PME AER PCIeCapability]
Mar 22 22:31:00 theBorg kernel: acpi PNP0A08:00: FADT indicates ASPM is unsupported, using BIOS configuration
Mar 22 22:31:00 theBorg kernel: PCI host bridge to bus 0000:00
Mar 22 22:31:00 theBorg kernel: pci_bus 0000:00: root bus resource [io  0x0000-0x0cf7 window]
Mar 22 22:31:00 theBorg kernel: pci_bus 0000:00: root bus resource [io  0x0d00-0xffff window]
Mar 22 22:31:00 theBorg kernel: pci_bus 0000:00: root bus resource [mem 0x000a0000-0x000bffff window]
Mar 22 22:31:00 theBorg kernel: pci_bus 0000:00: root bus resource [mem 0x89000000-0xdfffffff window]
Mar 22 22:31:00 theBorg kernel: pci_bus 0000:00: root bus resource [mem 0xfd000000-0xfe7fffff window]
Mar 22 22:31:00 theBorg kernel: pci_bus 0000:00: root bus resource [bus 00-fe]
Mar 22 22:31:00 theBorg kernel: pci 0000:00:00.0: [8086:190f] type 00 class 0x060000
Mar 22 22:31:00 theBorg kernel: pci 0000:00:02.0: [8086:1912] type 00 class 0x030000
Mar 22 22:31:00 theBorg kernel: pci 0000:00:02.0: reg 0x10: [mem 0xde000000-0xdeffffff 64bit]
Mar 22 22:31:00 theBorg kernel: pci 0000:00:02.0: reg 0x18: [mem 0xc0000000-0xcfffffff 64bit pref]
Mar 22 22:31:00 theBorg kernel: pci 0000:00:02.0: reg 0x20: [io  0xf000-0xf03f]
Mar 22 22:31:00 theBorg kernel: pci 0000:00:14.0: [8086:a12f] type 00 class 0x0c0330
Mar 22 22:31:00 theBorg kernel: pci 0000:00:14.0: reg 0x10: [mem 0xdf030000-0xdf03ffff 64bit]
Mar 22 22:31:00 theBorg kernel: pci 0000:00:14.0: PME# supported from D3hot D3cold
Mar 22 22:31:00 theBorg kernel: pci 0000:00:14.0: System wakeup disabled by ACPI
Mar 22 22:31:00 theBorg kernel: pci 0000:00:14.2: [8086:a131] type 00 class 0x118000
Mar 22 22:31:00 theBorg kernel: pci 0000:00:14.2: reg 0x10: [mem 0xdf04e000-0xdf04efff 64bit]
Mar 22 22:31:00 theBorg kernel: pci 0000:00:16.0: [8086:a13a] type 00 class 0x078000
Mar 22 22:31:00 theBorg kernel: pci 0000:00:16.0: reg 0x10: [mem 0xdf04d000-0xdf04dfff 64bit]
Mar 22 22:31:00 theBorg kernel: pci 0000:00:16.0: PME# supported from D3hot
Mar 22 22:31:00 theBorg kernel: pci 0000:00:17.0: [8086:a102] type 00 class 0x010601
Mar 22 22:31:00 theBorg kernel: pci 0000:00:17.0: reg 0x10: [mem 0xdf048000-0xdf049fff]
Mar 22 22:31:00 theBorg kernel: pci 0000:00:17.0: reg 0x14: [mem 0xdf04c000-0xdf04c0ff]
Mar 22 22:31:00 theBorg kernel: pci 0000:00:17.0: reg 0x18: [io  0xf090-0xf097]
Mar 22 22:31:00 theBorg kernel: pci 0000:00:17.0: reg 0x1c: [io  0xf080-0xf083]
Mar 22 22:31:00 theBorg kernel: pci 0000:00:17.0: reg 0x20: [io  0xf060-0xf07f]
Mar 22 22:31:00 theBorg kernel: pci 0000:00:17.0: reg 0x24: [mem 0xdf04b000-0xdf04b7ff]
Mar 22 22:31:00 theBorg kernel: pci 0000:00:17.0: PME# supported from D3hot
Mar 22 22:31:00 theBorg kernel: pci 0000:00:1b.0: [8086:a169] type 01 class 0x060400
Mar 22 22:31:00 theBorg kernel: pci 0000:00:1b.0: PME# supported from D0 D3hot D3cold
Mar 22 22:31:00 theBorg kernel: pci 0000:00:1b.0: Intel SPT PCH root port ACS workaround enabled
Mar 22 22:31:00 theBorg kernel: pci 0000:00:1b.0: System wakeup disabled by ACPI
Mar 22 22:31:00 theBorg kernel: pci 0000:00:1c.0: [8086:a112] type 01 class 0x060400
Mar 22 22:31:00 theBorg kernel: pci 0000:00:1c.0: PME# supported from D0 D3hot D3cold
Mar 22 22:31:00 theBorg kernel: pci 0000:00:1c.0: Intel SPT PCH root port ACS workaround enabled
Mar 22 22:31:00 theBorg kernel: pci 0000:00:1c.0: System wakeup disabled by ACPI
Mar 22 22:31:00 theBorg kernel: pci 0000:00:1d.0: [8086:a118] type 01 class 0x060400
Mar 22 22:31:00 theBorg kernel: pci 0000:00:1d.0: PME# supported from D0 D3hot D3cold
Mar 22 22:31:00 theBorg kernel: pci 0000:00:1d.0: Intel SPT PCH root port ACS workaround enabled
Mar 22 22:31:00 theBorg kernel: pci 0000:00:1d.0: System wakeup disabled by ACPI
Mar 22 22:31:00 theBorg kernel: pci 0000:00:1f.0: [8086:a144] type 00 class 0x060100
Mar 22 22:31:00 theBorg kernel: pci 0000:00:1f.2: [8086:a121] type 00 class 0x058000
Mar 22 22:31:00 theBorg kernel: pci 0000:00:1f.2: reg 0x10: [mem 0xdf044000-0xdf047fff]
Mar 22 22:31:00 theBorg kernel: pci 0000:00:1f.3: [8086:a170] type 00 class 0x040300
Mar 22 22:31:00 theBorg kernel: pci 0000:00:1f.3: reg 0x10: [mem 0xdf040000-0xdf043fff 64bit]
Mar 22 22:31:00 theBorg kernel: pci 0000:00:1f.3: reg 0x20: [mem 0xdf020000-0xdf02ffff 64bit]
Mar 22 22:31:00 theBorg kernel: pci 0000:00:1f.3: PME# supported from D3hot D3cold
Mar 22 22:31:00 theBorg kernel: pci 0000:00:1f.3: System wakeup disabled by ACPI
Mar 22 22:31:00 theBorg kernel: pci 0000:00:1f.4: [8086:a123] type 00 class 0x0c0500
Mar 22 22:31:00 theBorg kernel: pci 0000:00:1f.4: reg 0x10: [mem 0xdf04a000-0xdf04a0ff 64bit]
Mar 22 22:31:00 theBorg kernel: pci 0000:00:1f.4: reg 0x20: [io  0xf040-0xf05f]
Mar 22 22:31:00 theBorg kernel: pci 0000:00:1f.6: [8086:15b8] type 00 class 0x020000
Mar 22 22:31:00 theBorg kernel: pci 0000:00:1f.6: reg 0x10: [mem 0xdf000000-0xdf01ffff]
Mar 22 22:31:00 theBorg kernel: pci 0000:00:1f.6: PME# supported from D0 D3hot D3cold
Mar 22 22:31:00 theBorg kernel: pci 0000:00:1f.6: System wakeup disabled by ACPI
Mar 22 22:31:00 theBorg kernel: pci 0000:00:1b.0: PCI bridge to [bus 01]
Mar 22 22:31:00 theBorg kernel: pci 0000:00:1c.0: PCI bridge to [bus 02]
Mar 22 22:31:00 theBorg kernel: pci 0000:00:1d.0: PCI bridge to [bus 03]
Mar 22 22:31:00 theBorg kernel: ACPI: PCI Interrupt Link [LNKA] (IRQs 3 4 5 6 10 *11 12 14 15)
Mar 22 22:31:00 theBorg kernel: ACPI: PCI Interrupt Link [LNKB] (IRQs 3 4 5 6 *10 11 12 14 15)
Mar 22 22:31:00 theBorg kernel: ACPI: PCI Interrupt Link [LNKC] (IRQs 3 4 5 6 10 *11 12 14 15)
Mar 22 22:31:00 theBorg kernel: ACPI: PCI Interrupt Link [LNKD] (IRQs 3 4 5 6 10 *11 12 14 15)
Mar 22 22:31:00 theBorg kernel: ACPI: PCI Interrupt Link [LNKE] (IRQs 3 4 5 6 10 *11 12 14 15)
Mar 22 22:31:00 theBorg kernel: ACPI: PCI Interrupt Link [LNKF] (IRQs 3 4 5 6 10 *11 12 14 15)
Mar 22 22:31:00 theBorg kernel: ACPI: PCI Interrupt Link [LNKG] (IRQs 3 4 5 6 10 *11 12 14 15)
Mar 22 22:31:00 theBorg kernel: ACPI: PCI Interrupt Link [LNKH] (IRQs 3 4 5 6 10 *11 12 14 15)
Mar 22 22:31:00 theBorg kernel: ACPI: Enabled 5 GPEs in block 00 to 7F
Mar 22 22:31:00 theBorg kernel: vgaarb: setting as boot device: PCI:0000:00:02.0
Mar 22 22:31:00 theBorg kernel: vgaarb: device added: PCI:0000:00:02.0,decodes=io+mem,owns=io+mem,locks=none
Mar 22 22:31:00 theBorg kernel: vgaarb: loaded
Mar 22 22:31:00 theBorg kernel: vgaarb: bridge control possible 0000:00:02.0
Mar 22 22:31:00 theBorg kernel: SCSI subsystem initialized
Mar 22 22:31:00 theBorg kernel: libata version 3.00 loaded.
Mar 22 22:31:00 theBorg kernel: ACPI: bus type USB registered
Mar 22 22:31:00 theBorg kernel: usbcore: registered new interface driver usbfs
Mar 22 22:31:00 theBorg kernel: usbcore: registered new interface driver hub
Mar 22 22:31:00 theBorg kernel: usbcore: registered new device driver usb
Mar 22 22:31:00 theBorg kernel: PCI: Using ACPI for IRQ routing
Mar 22 22:31:00 theBorg kernel: PCI: pci_cache_line_size set to 64 bytes
Mar 22 22:31:00 theBorg kernel: e820: reserve RAM buffer [mem 0x0009c800-0x0009ffff]
Mar 22 22:31:00 theBorg kernel: e820: reserve RAM buffer [mem 0x713e6000-0x73ffffff]
Mar 22 22:31:00 theBorg kernel: e820: reserve RAM buffer [mem 0x7145f000-0x73ffffff]
Mar 22 22:31:00 theBorg kernel: e820: reserve RAM buffer [mem 0x77045000-0x77ffffff]
Mar 22 22:31:00 theBorg kernel: e820: reserve RAM buffer [mem 0x77327000-0x77ffffff]
Mar 22 22:31:00 theBorg kernel: e820: reserve RAM buffer [mem 0x275000000-0x277ffffff]
Mar 22 22:31:00 theBorg kernel: hpet0: at MMIO 0xfed00000, IRQs 2, 8, 0, 0, 0, 0, 0, 0
Mar 22 22:31:00 theBorg kernel: hpet0: 8 comparators, 64-bit 24.000000 MHz counter
Mar 22 22:31:00 theBorg kernel: clocksource: Switched to clocksource hpet
Mar 22 22:31:00 theBorg kernel: FS-Cache: Loaded
Mar 22 22:31:00 theBorg kernel: pnp: PnP ACPI init
Mar 22 22:31:00 theBorg kernel: system 00:00: [io  0x0280-0x028f] has been reserved
Mar 22 22:31:00 theBorg kernel: system 00:00: [io  0x0290-0x029f] has been reserved
Mar 22 22:31:00 theBorg kernel: system 00:00: [io  0x02a0-0x02af] has been reserved
Mar 22 22:31:00 theBorg kernel: system 00:00: [io  0x02b0-0x02bf] has been reserved
Mar 22 22:31:00 theBorg kernel: system 00:00: Plug and Play ACPI device, IDs PNP0c02 (active)
Mar 22 22:31:00 theBorg kernel: pnp 00:01: [dma 0 disabled]
Mar 22 22:31:00 theBorg kernel: pnp 00:01: Plug and Play ACPI device, IDs PNP0400 PNP0401 (active)
Mar 22 22:31:00 theBorg kernel: pnp 00:02: [dma 0 disabled]
Mar 22 22:31:00 theBorg kernel: pnp 00:02: Plug and Play ACPI device, IDs PNP0501 (active)
Mar 22 22:31:00 theBorg kernel: system 00:03: [io  0x0680-0x069f] has been reserved
Mar 22 22:31:00 theBorg kernel: system 00:03: [io  0xffff] has been reserved
Mar 22 22:31:00 theBorg kernel: system 00:03: [io  0xffff] has been reserved
Mar 22 22:31:00 theBorg kernel: system 00:03: [io  0xffff] has been reserved
Mar 22 22:31:00 theBorg kernel: system 00:03: [io  0x1800-0x18fe] has been reserved
Mar 22 22:31:00 theBorg kernel: system 00:03: [io  0x164e-0x164f] has been reserved
Mar 22 22:31:00 theBorg kernel: system 00:03: Plug and Play ACPI device, IDs PNP0c02 (active)
Mar 22 22:31:00 theBorg kernel: system 00:04: [io  0x0800-0x087f] has been reserved
Mar 22 22:31:00 theBorg kernel: system 00:04: Plug and Play ACPI device, IDs PNP0c02 (active)
Mar 22 22:31:00 theBorg kernel: pnp 00:05: Plug and Play ACPI device, IDs PNP0b00 (active)
Mar 22 22:31:00 theBorg kernel: system 00:06: [io  0x1854-0x1857] has been reserved
Mar 22 22:31:00 theBorg kernel: system 00:06: Plug and Play ACPI device, IDs INT3f0d PNP0c02 (active)
Mar 22 22:31:00 theBorg kernel: system 00:07: [mem 0xfed10000-0xfed17fff] has been reserved
Mar 22 22:31:00 theBorg kernel: system 00:07: [mem 0xfed18000-0xfed18fff] has been reserved
Mar 22 22:31:00 theBorg kernel: system 00:07: [mem 0xfed19000-0xfed19fff] has been reserved
Mar 22 22:31:00 theBorg kernel: system 00:07: [mem 0xe0000000-0xefffffff] has been reserved
Mar 22 22:31:00 theBorg kernel: system 00:07: [mem 0xfed20000-0xfed3ffff] has been reserved
Mar 22 22:31:00 theBorg kernel: system 00:07: [mem 0xfed90000-0xfed93fff] could not be reserved
Mar 22 22:31:00 theBorg kernel: system 00:07: [mem 0xfed45000-0xfed8ffff] has been reserved
Mar 22 22:31:00 theBorg kernel: system 00:07: [mem 0xff000000-0xffffffff] has been reserved
Mar 22 22:31:00 theBorg kernel: system 00:07: [mem 0xfee00000-0xfeefffff] could not be reserved
Mar 22 22:31:00 theBorg kernel: system 00:07: [mem 0xdffc0000-0xdffdffff] has been reserved
Mar 22 22:31:00 theBorg kernel: system 00:07: Plug and Play ACPI device, IDs PNP0c02 (active)
Mar 22 22:31:00 theBorg kernel: system 00:08: [mem 0xfd000000-0xfdabffff] has been reserved
Mar 22 22:31:00 theBorg kernel: system 00:08: [mem 0xfdad0000-0xfdadffff] has been reserved
Mar 22 22:31:00 theBorg kernel: system 00:08: [mem 0xfdb00000-0xfdffffff] has been reserved
Mar 22 22:31:00 theBorg kernel: system 00:08: [mem 0xfe000000-0xfe01ffff] could not be reserved
Mar 22 22:31:00 theBorg kernel: system 00:08: [mem 0xfe036000-0xfe03bfff] has been reserved
Mar 22 22:31:00 theBorg kernel: system 00:08: [mem 0xfe03d000-0xfe3fffff] has been reserved
Mar 22 22:31:00 theBorg kernel: system 00:08: [mem 0xfe410000-0xfe7fffff] has been reserved
Mar 22 22:31:00 theBorg kernel: system 00:08: Plug and Play ACPI device, IDs PNP0c02 (active)
Mar 22 22:31:00 theBorg kernel: system 00:09: [mem 0xfdaf0000-0xfdafffff] has been reserved
Mar 22 22:31:00 theBorg kernel: system 00:09: [mem 0xfdae0000-0xfdaeffff] has been reserved
Mar 22 22:31:00 theBorg kernel: system 00:09: [mem 0xfdac0000-0xfdacffff] has been reserved
Mar 22 22:31:00 theBorg kernel: system 00:09: Plug and Play ACPI device, IDs PNP0c02 (active)
Mar 22 22:31:00 theBorg kernel: pnp: PnP ACPI: found 10 devices
Mar 22 22:31:00 theBorg kernel: clocksource: acpi_pm: mask: 0xffffff max_cycles: 0xffffff, max_idle_ns: 2085701024 ns
Mar 22 22:31:00 theBorg kernel: pci 0000:00:1b.0: PCI bridge to [bus 01]
Mar 22 22:31:00 theBorg kernel: pci 0000:00:1c.0: PCI bridge to [bus 02]
Mar 22 22:31:00 theBorg kernel: pci 0000:00:1d.0: PCI bridge to [bus 03]
Mar 22 22:31:00 theBorg kernel: pci_bus 0000:00: resource 4 [io  0x0000-0x0cf7 window]
Mar 22 22:31:00 theBorg kernel: pci_bus 0000:00: resource 5 [io  0x0d00-0xffff window]
Mar 22 22:31:00 theBorg kernel: pci_bus 0000:00: resource 6 [mem 0x000a0000-0x000bffff window]
Mar 22 22:31:00 theBorg kernel: pci_bus 0000:00: resource 7 [mem 0x89000000-0xdfffffff window]
Mar 22 22:31:00 theBorg kernel: pci_bus 0000:00: resource 8 [mem 0xfd000000-0xfe7fffff window]
Mar 22 22:31:00 theBorg kernel: NET: Registered protocol family 2
Mar 22 22:31:00 theBorg kernel: TCP established hash table entries: 65536 (order: 7, 524288 bytes)
Mar 22 22:31:00 theBorg kernel: TCP bind hash table entries: 65536 (order: 8, 1048576 bytes)
Mar 22 22:31:00 theBorg kernel: TCP: Hash tables configured (established 65536 bind 65536)
Mar 22 22:31:00 theBorg kernel: UDP hash table entries: 4096 (order: 5, 131072 bytes)
Mar 22 22:31:00 theBorg kernel: UDP-Lite hash table entries: 4096 (order: 5, 131072 bytes)
Mar 22 22:31:00 theBorg kernel: NET: Registered protocol family 1
Mar 22 22:31:00 theBorg kernel: RPC: Registered named UNIX socket transport module.
Mar 22 22:31:00 theBorg kernel: RPC: Registered udp transport module.
Mar 22 22:31:00 theBorg kernel: RPC: Registered tcp transport module.
Mar 22 22:31:00 theBorg kernel: RPC: Registered tcp NFSv4.1 backchannel transport module.
Mar 22 22:31:00 theBorg kernel: pci 0000:00:02.0: Video device with shadowed ROM at [mem 0x000c0000-0x000dffff]
Mar 22 22:31:00 theBorg kernel: PCI: CLS 0 bytes, default 64
Mar 22 22:31:00 theBorg kernel: Unpacking initramfs...
Mar 22 22:31:00 theBorg kernel: Freeing initrd memory: 78452K (ffff8800723a8000 - ffff880077045000)
Mar 22 22:31:00 theBorg kernel: DMAR: No ATSR found
Mar 22 22:31:00 theBorg kernel: DMAR: dmar0: Using Queued invalidation
Mar 22 22:31:00 theBorg kernel: DMAR: dmar1: Using Queued invalidation
Mar 22 22:31:00 theBorg kernel: DMAR: Hardware identity mapping for device 0000:00:00.0
Mar 22 22:31:00 theBorg kernel: DMAR: Hardware identity mapping for device 0000:00:02.0
Mar 22 22:31:00 theBorg kernel: DMAR: Hardware identity mapping for device 0000:00:14.0
Mar 22 22:31:00 theBorg kernel: DMAR: Hardware identity mapping for device 0000:00:14.2
Mar 22 22:31:00 theBorg kernel: DMAR: Hardware identity mapping for device 0000:00:16.0
Mar 22 22:31:00 theBorg kernel: DMAR: Hardware identity mapping for device 0000:00:17.0
Mar 22 22:31:00 theBorg kernel: DMAR: Hardware identity mapping for device 0000:00:1b.0
Mar 22 22:31:00 theBorg kernel: DMAR: Hardware identity mapping for device 0000:00:1c.0
Mar 22 22:31:00 theBorg kernel: DMAR: Hardware identity mapping for device 0000:00:1d.0
Mar 22 22:31:00 theBorg kernel: DMAR: Hardware identity mapping for device 0000:00:1f.0
Mar 22 22:31:00 theBorg kernel: DMAR: Hardware identity mapping for device 0000:00:1f.2
Mar 22 22:31:00 theBorg kernel: DMAR: Hardware identity mapping for device 0000:00:1f.3
Mar 22 22:31:00 theBorg kernel: DMAR: Hardware identity mapping for device 0000:00:1f.4
Mar 22 22:31:00 theBorg kernel: DMAR: Hardware identity mapping for device 0000:00:1f.6
Mar 22 22:31:00 theBorg kernel: DMAR: Setting RMRR:
Mar 22 22:31:00 theBorg kernel: DMAR: Ignoring identity map for HW passthrough device 0000:00:02.0 [0x78800000 - 0x88ffffff]
Mar 22 22:31:00 theBorg kernel: DMAR: Ignoring identity map for HW passthrough device 0000:00:14.0 [0x7707b000 - 0x7709afff]
Mar 22 22:31:00 theBorg kernel: DMAR: Prepare 0-16MiB unity mapping for LPC
Mar 22 22:31:00 theBorg kernel: DMAR: Ignoring identity map for HW passthrough device 0000:00:1f.0 [0x0 - 0xffffff]
Mar 22 22:31:00 theBorg kernel: DMAR: Intel(R) Virtualization Technology for Directed I/O
Mar 22 22:31:00 theBorg kernel: iommu: Adding device 0000:00:00.0 to group 0
Mar 22 22:31:00 theBorg kernel: iommu: Adding device 0000:00:02.0 to group 1
Mar 22 22:31:00 theBorg kernel: iommu: Adding device 0000:00:14.0 to group 2
Mar 22 22:31:00 theBorg kernel: iommu: Adding device 0000:00:14.2 to group 2
Mar 22 22:31:00 theBorg kernel: iommu: Adding device 0000:00:16.0 to group 3
Mar 22 22:31:00 theBorg kernel: iommu: Adding device 0000:00:17.0 to group 4
Mar 22 22:31:00 theBorg kernel: iommu: Adding device 0000:00:1b.0 to group 5
Mar 22 22:31:00 theBorg kernel: iommu: Adding device 0000:00:1c.0 to group 6
Mar 22 22:31:00 theBorg kernel: iommu: Adding device 0000:00:1d.0 to group 7
Mar 22 22:31:00 theBorg kernel: iommu: Adding device 0000:00:1f.0 to group 8
Mar 22 22:31:00 theBorg kernel: iommu: Adding device 0000:00:1f.2 to group 8
Mar 22 22:31:00 theBorg kernel: iommu: Adding device 0000:00:1f.3 to group 8
Mar 22 22:31:00 theBorg kernel: iommu: Adding device 0000:00:1f.4 to group 8
Mar 22 22:31:00 theBorg kernel: iommu: Adding device 0000:00:1f.6 to group 9
Mar 22 22:31:00 theBorg kernel: RAPL PMU: API unit is 2^-32 Joules, 5 fixed counters, 655360 ms ovfl timer
Mar 22 22:31:00 theBorg kernel: RAPL PMU: hw unit of domain pp0-core 2^-14 Joules
Mar 22 22:31:00 theBorg kernel: RAPL PMU: hw unit of domain package 2^-14 Joules
Mar 22 22:31:00 theBorg kernel: RAPL PMU: hw unit of domain dram 2^-14 Joules
Mar 22 22:31:00 theBorg kernel: RAPL PMU: hw unit of domain pp1-gpu 2^-14 Joules
Mar 22 22:31:00 theBorg kernel: RAPL PMU: hw unit of domain psys 2^-14 Joules
Mar 22 22:31:00 theBorg kernel: futex hash table entries: 1024 (order: 4, 65536 bytes)
Mar 22 22:31:00 theBorg kernel: workingset: timestamp_bits=40 max_order=21 bucket_order=0
Mar 22 22:31:00 theBorg kernel: Installing knfsd (copyright (C) 1996 xxx@removed.com).
Mar 22 22:31:00 theBorg kernel: fuse init (API version 7.26)
Mar 22 22:31:00 theBorg kernel: SGI XFS with ACLs, security attributes, no debug enabled
Mar 22 22:31:00 theBorg kernel: 9p: Installing v9fs 9p2000 file system support
Mar 22 22:31:00 theBorg kernel: Block layer SCSI generic (bsg) driver version 0.4 loaded (major 253)
Mar 22 22:31:00 theBorg kernel: io scheduler noop registered (default)
Mar 22 22:31:00 theBorg kernel: io scheduler deadline registered
Mar 22 22:31:00 theBorg kernel: io scheduler cfq registered
Mar 22 22:31:00 theBorg kernel: aer 0000:00:1b.0:pcie002: service driver aer loaded
Mar 22 22:31:00 theBorg kernel: aer 0000:00:1c.0:pcie002: service driver aer loaded
Mar 22 22:31:00 theBorg kernel: aer 0000:00:1d.0:pcie002: service driver aer loaded
Mar 22 22:31:00 theBorg kernel: pcieport 0000:00:1b.0: Signaling PME through PCIe PME interrupt
Mar 22 22:31:00 theBorg kernel: pcie_pme 0000:00:1b.0:pcie001: service driver pcie_pme loaded
Mar 22 22:31:00 theBorg kernel: pcieport 0000:00:1c.0: Signaling PME through PCIe PME interrupt
Mar 22 22:31:00 theBorg kernel: pcie_pme 0000:00:1c.0:pcie001: service driver pcie_pme loaded
Mar 22 22:31:00 theBorg kernel: pcieport 0000:00:1d.0: Signaling PME through PCIe PME interrupt
Mar 22 22:31:00 theBorg kernel: pcie_pme 0000:00:1d.0:pcie001: service driver pcie_pme loaded
Mar 22 22:31:00 theBorg kernel: intel_idle: MWAIT substates: 0x142120
Mar 22 22:31:00 theBorg kernel: intel_idle: v0.4.1 model 0x5E
Mar 22 22:31:00 theBorg kernel: intel_idle: lapic_timer_reliable_states 0xffffffff
Mar 22 22:31:00 theBorg kernel: ipmi message handler version 39.2
Mar 22 22:31:00 theBorg kernel: input: Sleep Button as /devices/LNXSYSTM:00/LNXSYBUS:00/PNP0C0E:00/input/input0
Mar 22 22:31:00 theBorg kernel: ACPI: Sleep Button [SLPB]
Mar 22 22:31:00 theBorg kernel: input: Power Button as /devices/LNXSYSTM:00/LNXSYBUS:00/PNP0C0C:00/input/input1
Mar 22 22:31:00 theBorg kernel: ACPI: Power Button [PWRB]
Mar 22 22:31:00 theBorg kernel: input: Power Button as /devices/LNXSYSTM:00/LNXPWRBN:00/input/input2
Mar 22 22:31:00 theBorg kernel: ACPI: Power Button [PWRF]
Mar 22 22:31:00 theBorg kernel: xenfs: not registering filesystem on non-xen platform
Mar 22 22:31:00 theBorg kernel: Serial: 8250/16550 driver, 1 ports, IRQ sharing disabled
Mar 22 22:31:00 theBorg kernel: 00:02: ttyS0 at I/O 0x3f8 (irq = 4, base_baud = 115200) is a 16550A
Mar 22 22:31:00 theBorg kernel: lp: driver loaded but no devices found
Mar 22 22:31:00 theBorg kernel: Hangcheck: starting hangcheck timer 0.9.1 (tick is 180 seconds, margin is 60 seconds).
Mar 22 22:31:00 theBorg kernel: AMD IOMMUv2 driver by Joerg Roedel <xxx@removed.com>
Mar 22 22:31:00 theBorg kernel: AMD IOMMUv2 functionality not available on this system
Mar 22 22:31:00 theBorg kernel: parport_pc 00:01: reported by Plug and Play ACPI
Mar 22 22:31:00 theBorg kernel: parport0: PC-style at 0x378 (0x778), irq 5 [PCSPP(,...)]
Mar 22 22:31:00 theBorg kernel: lp0: using parport0 (interrupt-driven).
Mar 22 22:31:00 theBorg kernel: loop: module loaded
Mar 22 22:31:00 theBorg kernel: nbd: registered device at major 43
Mar 22 22:31:00 theBorg kernel: VMware vmxnet3 virtual NIC driver - version 1.4.a.0-k-NAPI
Mar 22 22:31:00 theBorg kernel: VFIO - User Level meta-driver version: 0.3
Mar 22 22:31:00 theBorg kernel: ehci_hcd: USB 2.0 'Enhanced' Host Controller (EHCI) Driver
Mar 22 22:31:00 theBorg kernel: ehci-pci: EHCI PCI platform driver
Mar 22 22:31:00 theBorg kernel: ohci_hcd: USB 1.1 'Open' Host Controller (OHCI) Driver
Mar 22 22:31:00 theBorg kernel: ohci-pci: OHCI PCI platform driver
Mar 22 22:31:00 theBorg kernel: uhci_hcd: USB Universal Host Controller Interface driver
Mar 22 22:31:00 theBorg kernel: xhci_hcd 0000:00:14.0: xHCI Host Controller
Mar 22 22:31:00 theBorg kernel: xhci_hcd 0000:00:14.0: new USB bus registered, assigned bus number 1
Mar 22 22:31:00 theBorg kernel: xhci_hcd 0000:00:14.0: hcc params 0x200077c1 hci version 0x100 quirks 0x00109810
Mar 22 22:31:00 theBorg kernel: xhci_hcd 0000:00:14.0: cache line size of 64 is not supported
Mar 22 22:31:00 theBorg kernel: hub 1-0:1.0: USB hub found
Mar 22 22:31:00 theBorg kernel: hub 1-0:1.0: 16 ports detected
Mar 22 22:31:00 theBorg kernel: xhci_hcd 0000:00:14.0: xHCI Host Controller
Mar 22 22:31:00 theBorg kernel: xhci_hcd 0000:00:14.0: new USB bus registered, assigned bus number 2
Mar 22 22:31:00 theBorg kernel: hub 2-0:1.0: USB hub found
Mar 22 22:31:00 theBorg kernel: hub 2-0:1.0: 8 ports detected
Mar 22 22:31:00 theBorg kernel: usbcore: registered new interface driver usb-storage
Mar 22 22:31:00 theBorg kernel: i8042: PNP: No PS/2 controller found. Probing ports directly.
Mar 22 22:31:00 theBorg kernel: serio: i8042 KBD port at 0x60,0x64 irq 1
Mar 22 22:31:00 theBorg kernel: serio: i8042 AUX port at 0x60,0x64 irq 12
Mar 22 22:31:00 theBorg kernel: mousedev: PS/2 mouse device common for all mice
Mar 22 22:31:00 theBorg kernel: usbcore: registered new interface driver synaptics_usb
Mar 22 22:31:00 theBorg kernel: input: PC Speaker as /devices/platform/pcspkr/input/input4
Mar 22 22:31:00 theBorg kernel: rtc_cmos 00:05: RTC can wake from S4
Mar 22 22:31:00 theBorg kernel: rtc_cmos 00:05: rtc core: registered rtc_cmos as rtc0
Mar 22 22:31:00 theBorg kernel: rtc_cmos 00:05: alarms up to one month, y3k, 242 bytes nvram, hpet irqs
Mar 22 22:31:00 theBorg kernel: intel_pstate: Intel P-state driver initializing
Mar 22 22:31:00 theBorg kernel: intel_pstate: HWP enabled
Mar 22 22:31:00 theBorg kernel: hidraw: raw HID events driver (C) Jiri Kosina
Mar 22 22:31:00 theBorg kernel: usbcore: registered new interface driver usbhid
Mar 22 22:31:00 theBorg kernel: usbhid: USB HID core driver
Mar 22 22:31:00 theBorg kernel: Netfilter messages via NETLINK v0.30.
Mar 22 22:31:00 theBorg kernel: nfnl_acct: registering with nfnetlink.
Mar 22 22:31:00 theBorg kernel: nf_conntrack version 0.5.0 (65536 buckets, 262144 max)
Mar 22 22:31:00 theBorg kernel: nf_tables: (c) 2007-2009 Patrick McHardy <xxx@removed.com>
Mar 22 22:31:00 theBorg kernel: nf_tables_compat: (c) 2012 Pablo Neira Ayuso <xxx@removed.com>
Mar 22 22:31:00 theBorg kernel: xt_time: kernel timezone is -0000
Mar 22 22:31:00 theBorg kernel: ipip: IPv4 and MPLS over IPv4 tunneling driver
Mar 22 22:31:00 theBorg kernel: gre: GRE over IPv4 demultiplexor driver
Mar 22 22:31:00 theBorg kernel: ip_gre: GRE over IPv4 tunneling driver
Mar 22 22:31:00 theBorg kernel: IPv4 over IPsec tunneling driver
Mar 22 22:31:00 theBorg kernel: Initializing XFRM netlink socket
Mar 22 22:31:00 theBorg kernel: NET: Registered protocol family 17
Mar 22 22:31:00 theBorg kernel: Bridge firewalling registered
Mar 22 22:31:00 theBorg kernel: 8021q: 802.1Q VLAN Support v1.8
Mar 22 22:31:00 theBorg kernel: 9pnet: Installing 9P2000 support
Mar 22 22:31:00 theBorg kernel: Key type dns_resolver registered
Mar 22 22:31:00 theBorg kernel: registered taskstats version 1
Mar 22 22:31:00 theBorg kernel: Btrfs loaded, crc32c=crc32c-intel
Mar 22 22:31:00 theBorg kernel: rtc_cmos 00:05: setting system clock to 2017-03-22 22:30:55 UTC (1490221855)
Mar 22 22:31:00 theBorg kernel: usb 1-3: new high-speed USB device number 2 using xhci_hcd
Mar 22 22:31:00 theBorg kernel: usb-storage 1-3:1.0: USB Mass Storage device detected
Mar 22 22:31:00 theBorg kernel: scsi host0: usb-storage 1-3:1.0
Mar 22 22:31:00 theBorg kernel: usb 1-10: new full-speed USB device number 3 using xhci_hcd
Mar 22 22:31:00 theBorg kernel: tsc: Refined TSC clocksource calibration: 3695.999 MHz
Mar 22 22:31:00 theBorg kernel: clocksource: tsc: mask: 0xffffffffffffffff max_cycles: 0x6a8d2284b57, max_idle_ns: 881590451434 ns
Mar 22 22:31:00 theBorg kernel: scsi 0:0:0:0: Direct-Access     SanDisk  Cruzer Fit       1.00 PQ: 0 ANSI: 6
Mar 22 22:31:00 theBorg kernel: sd 0:0:0:0: Attached scsi generic sg0 type 0
Mar 22 22:31:00 theBorg kernel: sd 0:0:0:0: [sda] 31260672 512-byte logical blocks: (16.0 GB/14.9 GiB)
Mar 22 22:31:00 theBorg kernel: sd 0:0:0:0: [sda] Write Protect is off
Mar 22 22:31:00 theBorg kernel: sd 0:0:0:0: [sda] Mode Sense: 43 00 00 00
Mar 22 22:31:00 theBorg kernel: sd 0:0:0:0: [sda] Write cache: disabled, read cache: enabled, doesn't support DPO or FUA
Mar 22 22:31:00 theBorg kernel: sda: sda1
Mar 22 22:31:00 theBorg kernel: sd 0:0:0:0: [sda] Attached SCSI removable disk
Mar 22 22:31:00 theBorg kernel: clocksource: Switched to clocksource tsc
Mar 22 22:31:00 theBorg kernel: floppy0: no floppy controllers found
Mar 22 22:31:00 theBorg kernel: Freeing unused kernel memory: 968K (ffffffff81cb2000 - ffffffff81da4000)
Mar 22 22:31:00 theBorg kernel: Write protecting the kernel read-only data: 12288k
Mar 22 22:31:00 theBorg kernel: Freeing unused kernel memory: 1528K (ffff880001682000 - ffff880001800000)
Mar 22 22:31:00 theBorg kernel: Freeing unused kernel memory: 2012K (ffff880001a09000 - ffff880001c00000)
Mar 22 22:31:00 theBorg kernel: random: udevd: uninitialized urandom read (16 bytes read)
Mar 22 22:31:00 theBorg kernel: random: udevd: uninitialized urandom read (16 bytes read)
Mar 22 22:31:00 theBorg kernel: random: udevd: uninitialized urandom read (16 bytes read)
Mar 22 22:31:00 theBorg kernel: random: udevd: uninitialized urandom read (16 bytes read)
Mar 22 22:31:00 theBorg kernel: random: udevd: uninitialized urandom read (16 bytes read)
Mar 22 22:31:00 theBorg kernel: random: udevd: uninitialized urandom read (16 bytes read)
Mar 22 22:31:00 theBorg kernel: random: udevd: uninitialized urandom read (16 bytes read)
Mar 22 22:31:00 theBorg kernel: random: udevd: uninitialized urandom read (16 bytes read)
Mar 22 22:31:00 theBorg kernel: random: udevd: uninitialized urandom read (16 bytes read)
Mar 22 22:31:00 theBorg kernel: random: udevd: uninitialized urandom read (16 bytes read)
Mar 22 22:31:00 theBorg kernel: wmi: Mapper loaded
Mar 22 22:31:00 theBorg kernel: ahci 0000:00:17.0: version 3.0
Mar 22 22:31:00 theBorg kernel: pps_core: LinuxPPS API ver. 1 registered
Mar 22 22:31:00 theBorg kernel: pps_core: Software ver. 5.3.6 - Copyright 2005-2007 Rodolfo Giometti <xxx@removed.com>
Mar 22 22:31:00 theBorg kernel: PTP clock support registered
Mar 22 22:31:00 theBorg kernel: logitech-djreceiver 0003:046D:C52B.0003: hiddev0,hidraw0: USB HID v1.11 Device [Logitech USB Receiver] on usb-0000:00:14.0-10/input2
Mar 22 22:31:00 theBorg kernel: e1000e: Intel(R) PRO/1000 Network Driver - 3.2.6-k
Mar 22 22:31:00 theBorg kernel: e1000e: Copyright(c) 1999 - 2015 Intel Corporation.
Mar 22 22:31:00 theBorg kernel: ahci 0000:00:17.0: AHCI 0001.0301 32 slots 6 ports 6 Gbps 0x3f impl SATA mode
Mar 22 22:31:00 theBorg kernel: ahci 0000:00:17.0: flags: 64bit ncq sntf led clo only pio slum part ems deso sadm sds apst 
Mar 22 22:31:00 theBorg kernel: scsi host1: ahci
Mar 22 22:31:00 theBorg kernel: scsi host2: ahci
Mar 22 22:31:00 theBorg kernel: scsi host3: ahci
Mar 22 22:31:00 theBorg kernel: scsi host4: ahci
Mar 22 22:31:00 theBorg kernel: scsi host5: ahci
Mar 22 22:31:00 theBorg kernel: scsi host6: ahci
Mar 22 22:31:00 theBorg kernel: ata1: SATA max UDMA/133 abar m2048@0xdf04b000 port 0xdf04b100 irq 126
Mar 22 22:31:00 theBorg kernel: ata2: SATA max UDMA/133 abar m2048@0xdf04b000 port 0xdf04b180 irq 126
Mar 22 22:31:00 theBorg kernel: ata3: SATA max UDMA/133 abar m2048@0xdf04b000 port 0xdf04b200 irq 126
Mar 22 22:31:00 theBorg kernel: ata4: SATA max UDMA/133 abar m2048@0xdf04b000 port 0xdf04b280 irq 126
Mar 22 22:31:00 theBorg kernel: ata5: SATA max UDMA/133 abar m2048@0xdf04b000 port 0xdf04b300 irq 126
Mar 22 22:31:00 theBorg kernel: ata6: SATA max UDMA/133 abar m2048@0xdf04b000 port 0xdf04b380 irq 126
Mar 22 22:31:00 theBorg kernel: i801_smbus 0000:00:1f.4: SMBus using PCI interrupt
Mar 22 22:31:00 theBorg kernel: e1000e 0000:00:1f.6: Interrupt Throttling Rate (ints/sec) set to dynamic conservative mode
Mar 22 22:31:00 theBorg kernel: random: fast init done
Mar 22 22:31:00 theBorg kernel: input: Logitech K400 as /devices/pci0000:00/0000:00:14.0/usb1/1-10/1-10:1.2/0003:046D:C52B.0003/0003:046D:4024.0004/input/input7
Mar 22 22:31:00 theBorg kernel: logitech-hidpp-device 0003:046D:4024.0004: input,hidraw1: USB HID v1.11 Keyboard [Logitech K400] on usb-0000:00:14.0-10:1
Mar 22 22:31:00 theBorg kernel: e1000e 0000:00:1f.6 0000:00:1f.6 (uninitialized): registered PHC clock
Mar 22 22:31:00 theBorg kernel: e1000e 0000:00:1f.6 eth0: (PCI Express:2.5GT/s:Width x1) d0:50:99:84:0e:35
Mar 22 22:31:00 theBorg kernel: e1000e 0000:00:1f.6 eth0: Intel(R) PRO/1000 Network Connection
Mar 22 22:31:00 theBorg kernel: e1000e 0000:00:1f.6 eth0: MAC: 12, PHY: 12, PBA No: FFFFFF-0FF
Mar 22 22:31:00 theBorg kernel: ata5: SATA link up 6.0 Gbps (SStatus 133 SControl 300)
Mar 22 22:31:00 theBorg kernel: ata3: SATA link up 6.0 Gbps (SStatus 133 SControl 300)
Mar 22 22:31:00 theBorg kernel: ata6: SATA link up 6.0 Gbps (SStatus 133 SControl 300)
Mar 22 22:31:00 theBorg kernel: ata4: SATA link up 6.0 Gbps (SStatus 133 SControl 300)
Mar 22 22:31:00 theBorg kernel: ata1: SATA link up 6.0 Gbps (SStatus 133 SControl 300)
Mar 22 22:31:00 theBorg kernel: ata2: SATA link down (SStatus 4 SControl 300)
Mar 22 22:31:00 theBorg kernel: ata4.00: ATA-10: WDC WD40EFRX-68N32N0,      WD-WCC7K6CZFT52, 82.00A82, max UDMA/133
Mar 22 22:31:00 theBorg kernel: ata4.00: 7814037168 sectors, multi 16: LBA48 NCQ (depth 31/32), AA
Mar 22 22:31:00 theBorg kernel: ata3.00: ATA-9: ST3000DM001-1CH166,             Z1F41Y2G, CC27, max UDMA/133
Mar 22 22:31:00 theBorg kernel: ata3.00: 5860533168 sectors, multi 16: LBA48 NCQ (depth 31/32), AA
Mar 22 22:31:00 theBorg kernel: ata4.00: configured for UDMA/133
Mar 22 22:31:00 theBorg kernel: ata1.00: ATA-10: ST4000VN000-2AH166,             WDH02G0R, SC60, max UDMA/133
Mar 22 22:31:00 theBorg kernel: ata1.00: 7814037168 sectors, multi 16: LBA48 NCQ (depth 31/32), AA
Mar 22 22:31:00 theBorg kernel: ata1.00: configured for UDMA/133
Mar 22 22:31:00 theBorg kernel: scsi 1:0:0:0: Direct-Access     ATA      ST4000VN000-2AH1 SC60 PQ: 0 ANSI: 5
Mar 22 22:31:00 theBorg kernel: sd 1:0:0:0: [sdb] 7814037168 512-byte logical blocks: (4.00 TB/3.64 TiB)
Mar 22 22:31:00 theBorg kernel: sd 1:0:0:0: Attached scsi generic sg1 type 0
Mar 22 22:31:00 theBorg kernel: sd 1:0:0:0: [sdb] 4096-byte physical blocks
Mar 22 22:31:00 theBorg kernel: sd 1:0:0:0: [sdb] Write Protect is off
Mar 22 22:31:00 theBorg kernel: sd 1:0:0:0: [sdb] Mode Sense: 00 3a 00 00
Mar 22 22:31:00 theBorg kernel: sd 1:0:0:0: [sdb] Write cache: enabled, read cache: enabled, doesn't support DPO or FUA
Mar 22 22:31:00 theBorg kernel: ata3.00: configured for UDMA/133
Mar 22 22:31:00 theBorg kernel: scsi 3:0:0:0: Direct-Access     ATA      ST3000DM001-1CH1 CC27 PQ: 0 ANSI: 5
Mar 22 22:31:00 theBorg kernel: ata5.00: NCQ Send/Recv Log not supported
Mar 22 22:31:00 theBorg kernel: ata5.00: ATA-9: ST4000VN000-1H4168,             Z3069XJ8, SC46, max UDMA/133
Mar 22 22:31:00 theBorg kernel: ata5.00: 7814037168 sectors, multi 16: LBA48 NCQ (depth 31/32), AA
Mar 22 22:31:00 theBorg kernel: ata5.00: NCQ Send/Recv Log not supported
Mar 22 22:31:00 theBorg kernel: ata5.00: configured for UDMA/133
Mar 22 22:31:00 theBorg kernel: ata6.00: NCQ Send/Recv Log not supported
Mar 22 22:31:00 theBorg kernel: ata6.00: ATA-9: ST4000VN000-1H4168,             Z304HMKS, SC46, max UDMA/133
Mar 22 22:31:00 theBorg kernel: ata6.00: 7814037168 sectors, multi 16: LBA48 NCQ (depth 31/32), AA
Mar 22 22:31:00 theBorg kernel: ata6.00: NCQ Send/Recv Log not supported
Mar 22 22:31:00 theBorg kernel: ata6.00: configured for UDMA/133
Mar 22 22:31:00 theBorg kernel: sd 3:0:0:0: [sdc] 5860533168 512-byte logical blocks: (3.00 TB/2.73 TiB)
Mar 22 22:31:00 theBorg kernel: sd 3:0:0:0: Attached scsi generic sg2 type 0
Mar 22 22:31:00 theBorg kernel: sd 3:0:0:0: [sdc] 4096-byte physical blocks
Mar 22 22:31:00 theBorg kernel: scsi 4:0:0:0: Direct-Access     ATA      WDC WD40EFRX-68N 0A82 PQ: 0 ANSI: 5
Mar 22 22:31:00 theBorg kernel: sd 3:0:0:0: [sdc] Write Protect is off
Mar 22 22:31:00 theBorg kernel: sd 3:0:0:0: [sdc] Mode Sense: 00 3a 00 00
Mar 22 22:31:00 theBorg kernel: sd 3:0:0:0: [sdc] Write cache: enabled, read cache: enabled, doesn't support DPO or FUA
Mar 22 22:31:00 theBorg kernel: sd 4:0:0:0: [sdd] 7814037168 512-byte logical blocks: (4.00 TB/3.64 TiB)
Mar 22 22:31:00 theBorg kernel: sd 4:0:0:0: Attached scsi generic sg3 type 0
Mar 22 22:31:00 theBorg kernel: sd 4:0:0:0: [sdd] 4096-byte physical blocks
Mar 22 22:31:00 theBorg kernel: scsi 5:0:0:0: Direct-Access     ATA      ST4000VN000-1H41 SC46 PQ: 0 ANSI: 5
Mar 22 22:31:00 theBorg kernel: sd 4:0:0:0: [sdd] Write Protect is off
Mar 22 22:31:00 theBorg kernel: sd 4:0:0:0: [sdd] Mode Sense: 00 3a 00 00
Mar 22 22:31:00 theBorg kernel: sd 4:0:0:0: [sdd] Write cache: enabled, read cache: enabled, doesn't support DPO or FUA
Mar 22 22:31:00 theBorg kernel: sd 5:0:0:0: [sde] 7814037168 512-byte logical blocks: (4.00 TB/3.64 TiB)
Mar 22 22:31:00 theBorg kernel: sd 5:0:0:0: Attached scsi generic sg4 type 0
Mar 22 22:31:00 theBorg kernel: sd 5:0:0:0: [sde] 4096-byte physical blocks
Mar 22 22:31:00 theBorg kernel: scsi 6:0:0:0: Direct-Access     ATA      ST4000VN000-1H41 SC46 PQ: 0 ANSI: 5
Mar 22 22:31:00 theBorg kernel: sd 5:0:0:0: [sde] Write Protect is off
Mar 22 22:31:00 theBorg kernel: sd 5:0:0:0: [sde] Mode Sense: 00 3a 00 00
Mar 22 22:31:00 theBorg kernel: sd 5:0:0:0: [sde] Write cache: enabled, read cache: enabled, doesn't support DPO or FUA
Mar 22 22:31:00 theBorg kernel: sd 6:0:0:0: [sdf] 7814037168 512-byte logical blocks: (4.00 TB/3.64 TiB)
Mar 22 22:31:00 theBorg kernel: sd 6:0:0:0: Attached scsi generic sg5 type 0
Mar 22 22:31:00 theBorg kernel: sd 6:0:0:0: [sdf] 4096-byte physical blocks
Mar 22 22:31:00 theBorg kernel: sd 6:0:0:0: [sdf] Write Protect is off
Mar 22 22:31:00 theBorg kernel: sd 6:0:0:0: [sdf] Mode Sense: 00 3a 00 00
Mar 22 22:31:00 theBorg kernel: sd 6:0:0:0: [sdf] Write cache: enabled, read cache: enabled, doesn't support DPO or FUA
Mar 22 22:31:00 theBorg kernel: sdd: sdd1
Mar 22 22:31:00 theBorg kernel: sd 4:0:0:0: [sdd] Attached SCSI disk
Mar 22 22:31:00 theBorg kernel: sdc: sdc1
Mar 22 22:31:00 theBorg kernel: sd 3:0:0:0: [sdc] Attached SCSI disk
Mar 22 22:31:00 theBorg kernel: sdb: sdb1
Mar 22 22:31:00 theBorg kernel: sd 1:0:0:0: [sdb] Attached SCSI disk
Mar 22 22:31:00 theBorg kernel: sde: sde1
Mar 22 22:31:00 theBorg kernel: sd 5:0:0:0: [sde] Attached SCSI disk
Mar 22 22:31:00 theBorg kernel: sdf: sdf1
Mar 22 22:31:00 theBorg kernel: sd 6:0:0:0: [sdf] Attached SCSI disk
Mar 22 22:31:00 theBorg kernel: random: crng init done
Mar 22 22:31:01 theBorg rc.inet1: ip addr add 127.0.0.1 dev lo
Mar 22 22:31:01 theBorg rc.inet1: ip link set lo up
Mar 22 22:31:01 theBorg rc.inet1: ip route add 127.0.0.0/8 dev lo
Mar 22 22:31:01 theBorg rc.inet1: modprobe bonding mode=1 miimon=100
Mar 22 22:31:01 theBorg kernel: Ethernet Channel Bonding Driver: v3.7.1 (April 27, 2011)
Mar 22 22:31:01 theBorg kernel: MII link monitoring set to 100 ms
Mar 22 22:31:01 theBorg rc.inet1: ip link set bond0 up
Mar 22 22:31:01 theBorg kernel: 8021q: adding VLAN 0 to HW filter on device bond0
Mar 22 22:31:01 theBorg rc.inet1: ip link set eth0 master bond0 down
Mar 22 22:31:01 theBorg kernel: bond0: Enslaving eth0 as a backup interface with a down link
Mar 22 22:31:01 theBorg rc.inet1: brctl setfd br0 0
Mar 22 22:31:01 theBorg rc.inet1: ip link set bond0 down
Mar 22 22:31:01 theBorg rc.inet1: ip link set bond0 promisc on master br0 up
Mar 22 22:31:01 theBorg kernel: device bond0 entered promiscuous mode
Mar 22 22:31:01 theBorg kernel: 8021q: adding VLAN 0 to HW filter on device bond0
Mar 22 22:31:01 theBorg kernel: br0: port 1(bond0) entered blocking state
Mar 22 22:31:01 theBorg kernel: br0: port 1(bond0) entered disabled state
Mar 22 22:31:01 theBorg rc.inet1: ip addr add 192.168.2.26/255.255.255.0 dev br0
Mar 22 22:31:01 theBorg rc.inet1: ip link set br0 up
Mar 22 22:31:01 theBorg rc.inet1: ip route add default via 192.168.2.1
Mar 22 22:31:01 theBorg rpc.statd[1605]: Version 1.3.3 starting
Mar 22 22:31:01 theBorg sm-notify[1606]: Version 1.3.3 starting
Mar 22 22:31:01 theBorg rpc.statd[1605]: Failed to read /var/lib/nfs/state: Success
Mar 22 22:31:01 theBorg rpc.statd[1605]: Initializing NSM state
Mar 22 22:31:01 theBorg sshd[1624]: Server listening on 0.0.0.0 port 22.
Mar 22 22:31:01 theBorg ntpd[1635]: ntpd xxx@removed.com Mon Nov 21 17:49:37 UTC 2016 (1): Starting
Mar 22 22:31:01 theBorg ntpd[1635]: Command line: /usr/sbin/ntpd -g -p /var/run/ntpd.pid
Mar 22 22:31:01 theBorg ntpd[1638]: proto: precision = 0.056 usec (-24)
Mar 22 22:31:01 theBorg ntpd[1638]: restrict: 'monitor' cannot be disabled while 'limited' is enabled
Mar 22 22:31:01 theBorg ntpd[1638]: Listen and drop on 0 v4wildcard 0.0.0.0:123
Mar 22 22:31:01 theBorg ntpd[1638]: Listen normally on 1 lo 127.0.0.1:123
Mar 22 22:31:01 theBorg ntpd[1638]: Listen normally on 2 br0 192.168.2.26:123
Mar 22 22:31:01 theBorg ntpd[1638]: Listening on routing socket on fd #19 for interface updates
Mar 22 22:31:01 theBorg acpid: starting up with netlink and the input layer
Mar 22 22:31:01 theBorg acpid: 1 rule loaded
Mar 22 22:31:01 theBorg acpid: waiting for events: event logging is off
Mar 22 22:31:01 theBorg crond[1654]: /usr/sbin/crond 4.5 dillon's cron daemon, started with loglevel notice
Mar 22 22:31:01 theBorg root: Installing user plugins
Mar 22 22:31:01 theBorg root: plugin: installing: /boot/config/plugins/ca.backup.plg
Mar 22 22:31:01 theBorg root: plugin: running: anonymous
Mar 22 22:31:01 theBorg root: 
Mar 22 22:31:01 theBorg root: 
Mar 22 22:31:01 theBorg root: 
Mar 22 22:31:01 theBorg root: 
Mar 22 22:31:01 theBorg root: plugin: running: anonymous
Mar 22 22:31:01 theBorg root: plugin: skipping: /boot/config/plugins/ca.backup/ca.backup-2017.02.21-x86_64-1.txz already exists
Mar 22 22:31:01 theBorg root: plugin: running: /boot/config/plugins/ca.backup/ca.backup-2017.02.21-x86_64-1.txz
Mar 22 22:31:01 theBorg root: 
Mar 22 22:31:01 theBorg root: +==============================================================================
Mar 22 22:31:01 theBorg root: | Installing new package /boot/config/plugins/ca.backup/ca.backup-2017.02.21-x86_64-1.txz
Mar 22 22:31:01 theBorg root: +==============================================================================
Mar 22 22:31:01 theBorg root: 
Mar 22 22:31:01 theBorg root: Verifying package ca.backup-2017.02.21-x86_64-1.txz.
Mar 22 22:31:01 theBorg root: Installing package ca.backup-2017.02.21-x86_64-1.txz:
Mar 22 22:31:01 theBorg root: PACKAGE DESCRIPTION:
Mar 22 22:31:01 theBorg root: Package ca.backup-2017.02.21-x86_64-1.txz installed.
Mar 22 22:31:01 theBorg root: 
Mar 22 22:31:01 theBorg root: 
Mar 22 22:31:01 theBorg root: plugin: running: anonymous
Mar 22 22:31:01 theBorg root: 
Mar 22 22:31:01 theBorg root: 
Mar 22 22:31:01 theBorg root: ----------------------------------------------------
Mar 22 22:31:01 theBorg root:  ca.backup has been installed.
Mar 22 22:31:01 theBorg root:  Copyright 2015-2016, Andrew Zawadzki
Mar 22 22:31:01 theBorg root:  Version: 2017.02.21
Mar 22 22:31:01 theBorg root: ----------------------------------------------------
Mar 22 22:31:01 theBorg root: 
Mar 22 22:31:01 theBorg root: plugin: installed
Mar 22 22:31:01 theBorg root: plugin: installing: /boot/config/plugins/ca.cleanup.appdata.plg
Mar 22 22:31:01 theBorg root: plugin: running: anonymous
Mar 22 22:31:01 theBorg root: 
Mar 22 22:31:01 theBorg root: 
Mar 22 22:31:01 theBorg root: 
Mar 22 22:31:01 theBorg root: 
Mar 22 22:31:01 theBorg root: plugin: running: anonymous
Mar 22 22:31:01 theBorg root: plugin: skipping: /boot/config/plugins/ca.cleanup.appdata/ca.cleanup.appdata-2017.01.28-x86_64-1.txz already exists
Mar 22 22:31:01 theBorg root: plugin: running: /boot/config/plugins/ca.cleanup.appdata/ca.cleanup.appdata-2017.01.28-x86_64-1.txz
Mar 22 22:31:01 theBorg root: 
Mar 22 22:31:01 theBorg root: +==============================================================================
Mar 22 22:31:01 theBorg root: | Installing new package /boot/config/plugins/ca.cleanup.appdata/ca.cleanup.appdata-2017.01.28-x86_64-1.txz
Mar 22 22:31:01 theBorg root: +==============================================================================
Mar 22 22:31:01 theBorg root: 
Mar 22 22:31:01 theBorg root: Verifying package ca.cleanup.appdata-2017.01.28-x86_64-1.txz.
Mar 22 22:31:01 theBorg root: Installing package ca.cleanup.appdata-2017.01.28-x86_64-1.txz:
Mar 22 22:31:01 theBorg root: PACKAGE DESCRIPTION:
Mar 22 22:31:01 theBorg root: Package ca.cleanup.appdata-2017.01.28-x86_64-1.txz installed.
Mar 22 22:31:01 theBorg root: 
Mar 22 22:31:01 theBorg root: 
Mar 22 22:31:01 theBorg root: plugin: running: anonymous
Mar 22 22:31:01 theBorg root: 
Mar 22 22:31:01 theBorg root: ----------------------------------------------------
Mar 22 22:31:01 theBorg root:  ca.cleanup.appdata has been installed.
Mar 22 22:31:01 theBorg root:  Copyright 2015-2016, Andrew Zawadzki
Mar 22 22:31:01 theBorg root:  Version: 2017.01.28
Mar 22 22:31:01 theBorg root: ----------------------------------------------------
Mar 22 22:31:01 theBorg root: 
Mar 22 22:31:01 theBorg root: plugin: installed
Mar 22 22:31:01 theBorg root: plugin: installing: /boot/config/plugins/community.applications.plg
Mar 22 22:31:01 theBorg root: plugin: running: anonymous
Mar 22 22:31:02 theBorg root: 
Mar 22 22:31:02 theBorg root: 
Mar 22 22:31:02 theBorg root: Cleaning Up Old Versions
Mar 22 22:31:02 theBorg root: 
Mar 22 22:31:02 theBorg root: 
Mar 22 22:31:02 theBorg root: plugin: running: anonymous
Mar 22 22:31:02 theBorg root: plugin: skipping: /boot/config/plugins/community.applications/community.applications-2017.03.21.txz already exists
Mar 22 22:31:02 theBorg root: plugin: running: /boot/config/plugins/community.applications/community.applications-2017.03.21.txz
Mar 22 22:31:02 theBorg root: 
Mar 22 22:31:02 theBorg root: +==============================================================================
Mar 22 22:31:02 theBorg root: | Installing new package /boot/config/plugins/community.applications/community.applications-2017.03.21.txz
Mar 22 22:31:02 theBorg root: +==============================================================================
Mar 22 22:31:02 theBorg root: 
Mar 22 22:31:02 theBorg root: Verifying package community.applications-2017.03.21.txz.
Mar 22 22:31:02 theBorg root: Installing package community.applications-2017.03.21.txz:
Mar 22 22:31:02 theBorg root: PACKAGE DESCRIPTION:
Mar 22 22:31:02 theBorg root: Package community.applications-2017.03.21.txz installed.
Mar 22 22:31:02 theBorg root: 
Mar 22 22:31:02 theBorg root: 
Mar 22 22:31:02 theBorg root: plugin: running: anonymous
Mar 22 22:31:02 theBorg root: Creating Directories
Mar 22 22:31:02 theBorg root: 
Mar 22 22:31:02 theBorg root: ----------------------------------------------------
Mar 22 22:31:02 theBorg root:  community.applications has been installed.
Mar 22 22:31:02 theBorg root:  Copyright 2015-2016, Andrew Zawadzki
Mar 22 22:31:02 theBorg root:  Version: 2017.03.21
Mar 22 22:31:02 theBorg root: ----------------------------------------------------
Mar 22 22:31:02 theBorg root: 
Mar 22 22:31:02 theBorg root: plugin: running: anonymous
Mar 22 22:31:02 theBorg root: 
Mar 22 22:31:02 theBorg root: 
Mar 22 22:31:02 theBorg root: 
Mar 22 22:31:02 theBorg root: 
Mar 22 22:31:02 theBorg root: plugin: installed
Mar 22 22:31:02 theBorg root: plugin: installing: /boot/config/plugins/dynamix.plg
Mar 22 22:31:02 theBorg root: plugin: not installing older version
Mar 22 22:31:02 theBorg root: plugin: installing: /boot/config/plugins/openvpn_server_x64.plg
Mar 22 22:31:02 theBorg root: plugin: skipping: /boot/packages/tcl-8.6.5-x86_64-2.txz already exists
Mar 22 22:31:02 theBorg root: plugin: running: /boot/packages/tcl-8.6.5-x86_64-2.txz
Mar 22 22:31:02 theBorg root: 
Mar 22 22:31:02 theBorg root: +==============================================================================
Mar 22 22:31:02 theBorg root: | Installing new package /boot/packages/tcl-8.6.5-x86_64-2.txz
Mar 22 22:31:02 theBorg root: +==============================================================================
Mar 22 22:31:02 theBorg root: 
Mar 22 22:31:02 theBorg root: Verifying package tcl-8.6.5-x86_64-2.txz.
Mar 22 22:31:02 theBorg root: Installing package tcl-8.6.5-x86_64-2.txz:
Mar 22 22:31:02 theBorg root: PACKAGE DESCRIPTION:
Mar 22 22:31:02 theBorg root: # tcl (Tool Command Language)
Mar 22 22:31:02 theBorg root: #
Mar 22 22:31:02 theBorg root: # Tcl, developed by Dr. John Ousterhout, is a simple to use text-based
Mar 22 22:31:02 theBorg root: # script language with many built-in features which make it especially
Mar 22 22:31:02 theBorg root: # nice for writing interactive scripts.
Mar 22 22:31:02 theBorg root: #
Mar 22 22:31:02 theBorg root: Executing install script for tcl-8.6.5-x86_64-2.txz.
Mar 22 22:31:03 theBorg root: Package tcl-8.6.5-x86_64-2.txz installed.
Mar 22 22:31:03 theBorg root: 
Mar 22 22:31:03 theBorg root: 
Mar 22 22:31:03 theBorg root: plugin: skipping: /boot/packages/expect-5.45-x86_64-1.txz already exists
Mar 22 22:31:03 theBorg root: plugin: running: /boot/packages/expect-5.45-x86_64-1.txz
Mar 22 22:31:03 theBorg root: 
Mar 22 22:31:03 theBorg root: +==============================================================================
Mar 22 22:31:03 theBorg root: | Installing new package /boot/packages/expect-5.45-x86_64-1.txz
Mar 22 22:31:03 theBorg root: +==============================================================================
Mar 22 22:31:03 theBorg root: 
Mar 22 22:31:03 theBorg root: Verifying package expect-5.45-x86_64-1.txz.
Mar 22 22:31:03 theBorg root: Installing package expect-5.45-x86_64-1.txz:
Mar 22 22:31:03 theBorg root: PACKAGE DESCRIPTION:
Mar 22 22:31:03 theBorg root: # expect (program that talks to other interactive programs)
Mar 22 22:31:03 theBorg root: #
Mar 22 22:31:03 theBorg root: # Expect is a program that talks to other interactive programs according
Mar 22 22:31:03 theBorg root: # to a script.  Following the script, Expect knows what can be expected
Mar 22 22:31:03 theBorg root: # from a program and what the correct response should be.  An
Mar 22 22:31:03 theBorg root: # interpreted language provides branching and high-level control
Mar 22 22:31:03 theBorg root: # structures to direct the dialogue. 
Mar 22 22:31:03 theBorg root: #
Mar 22 22:31:03 theBorg root: # Expect was written by Don Libes of the National Institute of Standards
Mar 22 22:31:03 theBorg root: # and Technology.
Mar 22 22:31:03 theBorg root: #
Mar 22 22:31:03 theBorg root: Package expect-5.45-x86_64-1.txz installed.
Mar 22 22:31:03 theBorg root: 
Mar 22 22:31:03 theBorg root: 
Mar 22 22:31:03 theBorg root: plugin: skipping: /boot/packages/openvpn-2.4.0-x86_64-1.txz already exists
Mar 22 22:31:03 theBorg root: plugin: running: /boot/packages/openvpn-2.4.0-x86_64-1.txz
Mar 22 22:31:03 theBorg root: 
Mar 22 22:31:03 theBorg root: +==============================================================================
Mar 22 22:31:03 theBorg root: | Installing new package /boot/packages/openvpn-2.4.0-x86_64-1.txz
Mar 22 22:31:03 theBorg root: +==============================================================================
Mar 22 22:31:03 theBorg root: 
Mar 22 22:31:03 theBorg root: Verifying package openvpn-2.4.0-x86_64-1.txz.
Mar 22 22:31:03 theBorg root: Installing package openvpn-2.4.0-x86_64-1.txz:
Mar 22 22:31:03 theBorg root: PACKAGE DESCRIPTION:
Mar 22 22:31:03 theBorg root: # openvpn (secure IP tunnel daemon)
Mar 22 22:31:03 theBorg root: #
Mar 22 22:31:03 theBorg root: # OpenVPN is a full-featured SSL VPN which can accommodate a wide range
Mar 22 22:31:03 theBorg root: # of configurations, including remote access, site-to-site VPNs, WiFi
Mar 22 22:31:03 theBorg root: # security, and enterprise-scale remote access with load balancing,
Mar 22 22:31:03 theBorg root: # failover, and fine-grained access-controls.
Mar 22 22:31:03 theBorg root: #
Mar 22 22:31:03 theBorg root: # OpenVPN's home on the net is:  http://openvpn.net
Mar 22 22:31:03 theBorg root: #
Mar 22 22:31:03 theBorg root: Executing install script for openvpn-2.4.0-x86_64-1.txz.
Mar 22 22:31:03 theBorg root: Package openvpn-2.4.0-x86_64-1.txz installed.
Mar 22 22:31:03 theBorg root: 
Mar 22 22:31:03 theBorg root: 
Mar 22 22:31:03 theBorg root: plugin: skipping: /boot/config/plugins/openvpnserver/openvpnserver-2016.12.31.tar.gz already exists
Mar 22 22:31:03 theBorg root: plugin: running: anonymous
Mar 22 22:31:03 theBorg kernel: tun: Universal TUN/TAP device driver, 1.6
Mar 22 22:31:03 theBorg kernel: tun: (C) 1999-2004 Max Krasnyansky <xxx@removed.com>
Mar 22 22:31:03 theBorg root: plugin: creating: /var/local/emhttp/plugins/openvpnserver/check-my-ip.sh - from INLINE content
Mar 22 22:31:03 theBorg root: plugin: setting: /var/local/emhttp/plugins/openvpnserver/check-my-ip.sh - mode to 0770
Mar 22 22:31:03 theBorg root: plugin: creating: /var/log/plugins/openvpnserver - from INLINE content
Mar 22 22:31:03 theBorg root: plugin: installed
Mar 22 22:31:03 theBorg root: plugin: installing: /boot/config/plugins/preclear.disk.plg
Mar 22 22:31:03 theBorg root: plugin: skipping: /boot/config/plugins/preclear.disk/preclear.disk-2017.02.16a.txz already exists
Mar 22 22:31:03 theBorg root: plugin: skipping: /boot/config/plugins/preclear.disk/preclear.disk-2017.02.16a.md5 already exists
Mar 22 22:31:03 theBorg root: plugin: skipping: /boot/readvz already exists
Mar 22 22:31:03 theBorg root: plugin: setting: /boot/readvz - mode to 755
Mar 22 22:31:03 theBorg root: plugin: skipping: /boot/config/plugins/preclear.disk/StatsInstall already exists
Mar 22 22:31:03 theBorg root: plugin: setting: /boot/config/plugins/preclear.disk/StatsInstall - mode to 755
Mar 22 22:31:03 theBorg root: plugin: running: anonymous
Mar 22 22:31:03 theBorg ntpd[1638]: Deleting interface #2 br0, 192.168.2.26#123, interface stats: received=0, sent=0, dropped=0, active_time=2 secs
Mar 22 22:31:03 theBorg root: 
Mar 22 22:31:03 theBorg root: +==============================================================================
Mar 22 22:31:03 theBorg root: | Installing new package /boot/config/plugins/preclear.disk/preclear.disk-2017.02.16a.txz
Mar 22 22:31:03 theBorg root: +==============================================================================
Mar 22 22:31:03 theBorg root: 
Mar 22 22:31:03 theBorg root: Verifying package preclear.disk-2017.02.16a.txz.
Mar 22 22:31:03 theBorg root: Installing package preclear.disk-2017.02.16a.txz:
Mar 22 22:31:03 theBorg root: PACKAGE DESCRIPTION:
Mar 22 22:31:03 theBorg root: Package preclear.disk-2017.02.16a.txz installed.
Mar 22 22:31:03 theBorg root: 
Mar 22 22:31:03 theBorg root: 
Mar 22 22:31:03 theBorg root: Verifying package libevent-2.0.22-x86_64-1.txz.
Mar 22 22:31:03 theBorg root: Installing package libevent-2.0.22-x86_64-1.txz:
Mar 22 22:31:03 theBorg root: PACKAGE DESCRIPTION:
Mar 22 22:31:03 theBorg root: # libevent (event loop library)
Mar 22 22:31:03 theBorg root: #
Mar 22 22:31:03 theBorg root: # libevent is meant to replace the event loop found in event driven
Mar 22 22:31:03 theBorg root: # network servers.  An application just needs to call event_dispatch()
Mar 22 22:31:03 theBorg root: # and then add or remove events dynamically without having to change the
Mar 22 22:31:03 theBorg root: # event loop.  The libevent API provides a mechanism to execute a
Mar 22 22:31:03 theBorg root: # callback function when a specific event occurs on a file descriptor or
Mar 22 22:31:03 theBorg root: # after a timeout has been reached.
Mar 22 22:31:03 theBorg root: #
Mar 22 22:31:03 theBorg root: # Homepage:  http://libevent.org
Mar 22 22:31:03 theBorg root: #
Mar 22 22:31:03 theBorg root: Executing install script for libevent-2.0.22-x86_64-1.txz.
Mar 22 22:31:03 theBorg root: Package libevent-2.0.22-x86_64-1.txz installed.
Mar 22 22:31:03 theBorg root: 
Mar 22 22:31:03 theBorg root: Verifying package tmux-2.2-x86_64-2.txz.
Mar 22 22:31:03 theBorg root: Installing package tmux-2.2-x86_64-2.txz:
Mar 22 22:31:03 theBorg root: PACKAGE DESCRIPTION:
Mar 22 22:31:03 theBorg root: # tmux (terminal multiplexer)
Mar 22 22:31:03 theBorg root: #
Mar 22 22:31:03 theBorg root: # tmux is a terminal multiplexer. It enables a number of terminals
Mar 22 22:31:03 theBorg root: # (or windows) to be accessed and controlled from a single terminal.
Mar 22 22:31:03 theBorg root: # tmux is intended to be a simple, modern, BSD-licensed alternative to
Mar 22 22:31:03 theBorg root: # programs such as GNU screen.
Mar 22 22:31:03 theBorg root: #
Mar 22 22:31:03 theBorg root: # Homepage:  http://tmux.github.io/
Mar 22 22:31:03 theBorg root: #
Mar 22 22:31:03 theBorg root: Package tmux-2.2-x86_64-2.txz installed.
Mar 22 22:31:03 theBorg root: 
Mar 22 22:31:03 theBorg root: Verifying package ncurses-5.9-x86_64-4.txz.
Mar 22 22:31:04 theBorg root: Installing package ncurses-5.9-x86_64-4.txz:
Mar 22 22:31:04 theBorg root: PACKAGE DESCRIPTION:
Mar 22 22:31:04 theBorg root: # ncurses (CRT screen handling and optimization package)
Mar 22 22:31:04 theBorg root: #
Mar 22 22:31:04 theBorg root: # The ncurses (new curses) library is a free software emulation of
Mar 22 22:31:04 theBorg root: # curses in System V Release 4.0, and more.  It uses terminfo format,
Mar 22 22:31:04 theBorg root: # supports pads and color and multiple highlights and forms characters
Mar 22 22:31:04 theBorg root: # and function-key mapping, and has all the other SYSV-curses
Mar 22 22:31:04 theBorg root: # enhancements over BSD curses.
Mar 22 22:31:04 theBorg root: #
Mar 22 22:31:04 theBorg root: Executing install script for ncurses-5.9-x86_64-4.txz.
Mar 22 22:31:04 theBorg kernel: e1000e: eth0 NIC Link is Up 1000 Mbps Full Duplex, Flow Control: Rx/Tx
Mar 22 22:31:04 theBorg kernel: bond0: link status definitely up for interface eth0, 1000 Mbps full duplex
Mar 22 22:31:04 theBorg kernel: bond0: making interface eth0 the new active one
Mar 22 22:31:04 theBorg kernel: device eth0 entered promiscuous mode
Mar 22 22:31:04 theBorg kernel: bond0: first active interface up!
Mar 22 22:31:04 theBorg kernel: br0: port 1(bond0) entered blocking state
Mar 22 22:31:04 theBorg kernel: br0: port 1(bond0) entered forwarding state
Mar 22 22:31:05 theBorg root: Package ncurses-5.9-x86_64-4.txz installed.
Mar 22 22:31:05 theBorg root: 
Mar 22 22:31:05 theBorg root: Verifying package utempter-1.1.6-x86_64-2.txz.
Mar 22 22:31:05 theBorg root: Installing package utempter-1.1.6-x86_64-2.txz:
Mar 22 22:31:05 theBorg root: PACKAGE DESCRIPTION:
Mar 22 22:31:05 theBorg root: # utempter (utmp updating library and utility)
Mar 22 22:31:05 theBorg root: #
Mar 22 22:31:05 theBorg root: # The utempter package provides a utility and shared library that
Mar 22 22:31:05 theBorg root: # allows terminal applications such as xterm and screen to update
Mar 22 22:31:05 theBorg root: # /var/run/utmp and /var/log/wtmp without requiring root privileges.
Mar 22 22:31:05 theBorg root: #
Mar 22 22:31:05 theBorg root: Executing install script for utempter-1.1.6-x86_64-2.txz.
Mar 22 22:31:05 theBorg root: Package utempter-1.1.6-x86_64-2.txz installed.
Mar 22 22:31:05 theBorg root: 
Mar 22 22:31:05 theBorg root: 
Mar 22 22:31:05 theBorg root: -----------------------------------------------------------
Mar 22 22:31:05 theBorg root:  preclear.disk has been installed.
Mar 22 22:31:05 theBorg root:  This plugin requires Dynamix webGui to operate
Mar 22 22:31:05 theBorg root:  Copyright 2015-2016, gfjardim
Mar 22 22:31:05 theBorg root:  Version: 2017.02.16a
Mar 22 22:31:05 theBorg root: -----------------------------------------------------------
Mar 22 22:31:05 theBorg root: 
Mar 22 22:31:05 theBorg root: plugin: installed
Mar 22 22:31:05 theBorg root: plugin: installing: /boot/config/plugins/speedtest.plg
Mar 22 22:31:05 theBorg root: plugin: skipping: /boot/config/plugins/speedtest/python-2.7.13-x86_64-1.txz already exists
Mar 22 22:31:05 theBorg root: plugin: running: /boot/config/plugins/speedtest/python-2.7.13-x86_64-1.txz
Mar 22 22:31:05 theBorg root: 
Mar 22 22:31:05 theBorg root: +==============================================================================
Mar 22 22:31:05 theBorg root: | Installing new package /boot/config/plugins/speedtest/python-2.7.13-x86_64-1.txz
Mar 22 22:31:05 theBorg root: +==============================================================================
Mar 22 22:31:05 theBorg root: 
Mar 22 22:31:05 theBorg root: Verifying package python-2.7.13-x86_64-1.txz.
Mar 22 22:31:06 theBorg ntpd[1638]: Listen normally on 3 br0 192.168.2.26:123
Mar 22 22:31:06 theBorg ntpd[1638]: new interface(s) found: waking up resolver
Mar 22 22:31:07 theBorg root: Installing package python-2.7.13-x86_64-1.txz:
Mar 22 22:31:07 theBorg root: PACKAGE DESCRIPTION:
Mar 22 22:31:07 theBorg root: # python (object-oriented interpreted programming language)
Mar 22 22:31:07 theBorg root: #
Mar 22 22:31:07 theBorg root: # Python is an interpreted, interactive, object-oriented programming
Mar 22 22:31:07 theBorg root: # language that combines remarkable power with very clear syntax.  
Mar 22 22:31:07 theBorg root: # Python's basic power can be extended with your own modules written in
Mar 22 22:31:07 theBorg root: # C or C++.  Python is also adaptable as an extension language for
Mar 22 22:31:07 theBorg root: # existing applications. 
Mar 22 22:31:07 theBorg root: #
Mar 22 22:31:08 theBorg root: Executing install script for python-2.7.13-x86_64-1.txz.
Mar 22 22:31:08 theBorg root: Package python-2.7.13-x86_64-1.txz installed.
Mar 22 22:31:08 theBorg root: 
Mar 22 22:31:08 theBorg root: 
Mar 22 22:31:08 theBorg root: plugin: skipping: python-2.7.9-x86_64-1.txz - unRAID version too high, requires at most version 6.1.99
Mar 22 22:31:08 theBorg root: plugin: skipping: /boot/config/plugins/speedtest/pyOpenSSL-0.15.1-x86_64-1_slack.txz already exists
Mar 22 22:31:08 theBorg root: plugin: running: /boot/config/plugins/speedtest/pyOpenSSL-0.15.1-x86_64-1_slack.txz
Mar 22 22:31:08 theBorg root: 
Mar 22 22:31:08 theBorg root: +==============================================================================
Mar 22 22:31:08 theBorg root: | Installing new package /boot/config/plugins/speedtest/pyOpenSSL-0.15.1-x86_64-1_slack.txz
Mar 22 22:31:08 theBorg root: +==============================================================================
Mar 22 22:31:08 theBorg root: 
Mar 22 22:31:08 theBorg root: Verifying package pyOpenSSL-0.15.1-x86_64-1_slack.txz.
Mar 22 22:31:08 theBorg root: Installing package pyOpenSSL-0.15.1-x86_64-1_slack.txz:
Mar 22 22:31:08 theBorg root: PACKAGE DESCRIPTION:
Mar 22 22:31:08 theBorg root: # pyOpenSSL (Python wrapper for OpenSSL)
Mar 22 22:31:08 theBorg root: #
Mar 22 22:31:08 theBorg root: # This module is a rather thin wrapper around (a subset of) the OpenSSL
Mar 22 22:31:08 theBorg root: # library. With thin wrapper I mean that a lot of the object methods do
Mar 22 22:31:08 theBorg root: # nothing more than calling a corresponding function in the OpenSSL
Mar 22 22:31:08 theBorg root: # library
Mar 22 22:31:08 theBorg root: #
Mar 22 22:31:08 theBorg root: # http://pypi.python.org/pypi/pyOpenSSL
Mar 22 22:31:08 theBorg root: #
Mar 22 22:31:08 theBorg root: Package pyOpenSSL-0.15.1-x86_64-1_slack.txz installed.
Mar 22 22:31:08 theBorg root: 
Mar 22 22:31:08 theBorg root: 
Mar 22 22:31:08 theBorg root: plugin: skipping: /boot/config/plugins/speedtest/speedtest.cfg already exists
Mar 22 22:31:08 theBorg root: plugin: skipping: /boot/config/plugins/speedtest/speedtest-2017.02.13-x86_64-1.txz already exists
Mar 22 22:31:08 theBorg root: plugin: skipping: /boot/config/plugins/speedtest/speedtest-2017.02.13-x86_64-1.md5 already exists
Mar 22 22:31:08 theBorg root: plugin: running: anonymous
Mar 22 22:31:08 theBorg root: 
Mar 22 22:31:08 theBorg root: +==============================================================================
Mar 22 22:31:08 theBorg root: | Installing new package /boot/config/plugins/speedtest/speedtest-2017.02.13-x86_64-1.txz
Mar 22 22:31:08 theBorg root: +==============================================================================
Mar 22 22:31:08 theBorg root: 
Mar 22 22:31:08 theBorg root: Verifying package speedtest-2017.02.13-x86_64-1.txz.
Mar 22 22:31:08 theBorg root: Installing package speedtest-2017.02.13-x86_64-1.txz:
Mar 22 22:31:08 theBorg root: PACKAGE DESCRIPTION:
Mar 22 22:31:08 theBorg root: # Speedtest (Command Line Tool)
Mar 22 22:31:08 theBorg root: #
Mar 22 22:31:08 theBorg root: # This is a plugin for unRAID 6.1+. It is an interface for testing
Mar 22 22:31:08 theBorg root: # internet bandwidth using speedtest.net and speedtest-cli.
Mar 22 22:31:08 theBorg root: # 
Mar 22 22:31:08 theBorg root: # sivel/speedtest-cli
Mar 22 22:31:08 theBorg root: # https://github.com/sivel/speedtest-cli
Mar 22 22:31:08 theBorg root: # 
Mar 22 22:31:08 theBorg root: # dmacias72/unRAID
Mar 22 22:31:08 theBorg root: # https://github.com/dmacias72/unRAID-plugins
Mar 22 22:31:08 theBorg root: #
Mar 22 22:31:09 theBorg root: Executing install script for speedtest-2017.02.13-x86_64-1.txz.
Mar 22 22:31:09 theBorg root: Package speedtest-2017.02.13-x86_64-1.txz installed.
Mar 22 22:31:09 theBorg root: 
Mar 22 22:31:09 theBorg root: 
Mar 22 22:31:09 theBorg root: 
Mar 22 22:31:09 theBorg root: -----------------------------------------------------------
Mar 22 22:31:09 theBorg root:  speedtest has been installed.
Mar 22 22:31:09 theBorg root:  This plugin requires Dynamix webGui to operate
Mar 22 22:31:09 theBorg root:  Copyright 2015-2017, dmacias72
Mar 22 22:31:09 theBorg root:  Version: 2017.02.13
Mar 22 22:31:09 theBorg root: -----------------------------------------------------------
Mar 22 22:31:09 theBorg root: 
Mar 22 22:31:09 theBorg root: plugin: installed
Mar 22 22:31:09 theBorg root: plugin: installing: /boot/config/plugins/statistics.sender.plg
Mar 22 22:31:09 theBorg root: plugin: skipping: /boot/config/plugins/statistics.sender/statistics.sender-2017.02.15.txz already exists
Mar 22 22:31:09 theBorg root: plugin: skipping: /boot/config/plugins/statistics.sender/statistics.sender-2017.02.15.md5 already exists
Mar 22 22:31:09 theBorg root: plugin: skipping: /boot/config/plugins/statistics.sender/tor-0.2.9.9-x86_64-2_unRAID.txz already exists
Mar 22 22:31:09 theBorg root: plugin: running: /boot/config/plugins/statistics.sender/tor-0.2.9.9-x86_64-2_unRAID.txz
Mar 22 22:31:09 theBorg root: 
Mar 22 22:31:09 theBorg root: +==============================================================================
Mar 22 22:31:09 theBorg root: | Installing new package /boot/config/plugins/statistics.sender/tor-0.2.9.9-x86_64-2_unRAID.txz
Mar 22 22:31:09 theBorg root: +==============================================================================
Mar 22 22:31:09 theBorg root: 
Mar 22 22:31:09 theBorg root: Verifying package tor-0.2.9.9-x86_64-2_unRAID.txz.
Mar 22 22:31:09 theBorg root: Installing package tor-0.2.9.9-x86_64-2_unRAID.txz:
Mar 22 22:31:09 theBorg root: PACKAGE DESCRIPTION:
Mar 22 22:31:09 theBorg root: # tor (The second-generation onion router)
Mar 22 22:31:09 theBorg root: #
Mar 22 22:31:09 theBorg root: # Tor is a toolset for a wide range of organizations and people that
Mar 22 22:31:09 theBorg root: # want to improve their safety and security on the Internet. Using Tor
Mar 22 22:31:09 theBorg root: # can help you anonymize web browsing and publishing, instant messaging,
Mar 22 22:31:09 theBorg root: # IRC, SSH, and other applications that use the TCP protocol. Tor also
Mar 22 22:31:09 theBorg root: # provides a platform on which software developers can build new
Mar 22 22:31:09 theBorg root: # applications with built-in anonymity, safety, and privacy features.
Mar 22 22:31:09 theBorg root: #
Mar 22 22:31:09 theBorg root: # https://www.torproject.org/
Mar 22 22:31:09 theBorg root: #
Mar 22 22:31:09 theBorg root: Executing install script for tor-0.2.9.9-x86_64-2_unRAID.txz.
Mar 22 22:31:09 theBorg root: Package tor-0.2.9.9-x86_64-2_unRAID.txz installed.
Mar 22 22:31:09 theBorg root: 
Mar 22 22:31:09 theBorg root: 
Mar 22 22:31:09 theBorg root: plugin: running: anonymous
Mar 22 22:31:09 theBorg root: 
Mar 22 22:31:09 theBorg root: +==============================================================================
Mar 22 22:31:09 theBorg root: | Installing new package /boot/config/plugins/statistics.sender/statistics.sender-2017.02.15.txz
Mar 22 22:31:09 theBorg root: +==============================================================================
Mar 22 22:31:09 theBorg root: 
Mar 22 22:31:09 theBorg root: Verifying package statistics.sender-2017.02.15.txz.
Mar 22 22:31:09 theBorg root: Installing package statistics.sender-2017.02.15.txz:
Mar 22 22:31:09 theBorg root: PACKAGE DESCRIPTION:
Mar 22 22:31:09 theBorg root: Package statistics.sender-2017.02.15.txz installed.
Mar 22 22:31:09 theBorg root: 
Mar 22 22:31:09 theBorg root: 
Mar 22 22:31:09 theBorg root: 
Mar 22 22:31:09 theBorg root: -----------------------------------------------------------
Mar 22 22:31:09 theBorg root:  statistics.sender has been installed.
Mar 22 22:31:09 theBorg root:  This plugin requires Dynamix webGui to operate
Mar 22 22:31:09 theBorg root:  Copyright 2015-2016, gfjardim
Mar 22 22:31:09 theBorg root:  Version: 2017.02.15
Mar 22 22:31:09 theBorg root: -----------------------------------------------------------
Mar 22 22:31:09 theBorg root: 
Mar 22 22:31:09 theBorg root: plugin: installed
Mar 22 22:31:09 theBorg root: Starting go script
Mar 22 22:31:09 theBorg emhttp: unRAID System Management Utility version 6.3.2
Mar 22 22:31:09 theBorg emhttp: Copyright (C) 2005-2017, Lime Technology, Inc.
Mar 22 22:31:09 theBorg emhttp: shcmd (1): mkdir -p /boot/config/plugins/dynamix/users
Mar 22 22:31:09 theBorg emhttp: shcmd (2): mkdir -p /boot/config/shares
Mar 22 22:31:09 theBorg emhttp: shcmd (3): mkdir -p /tmp/emhttp
Mar 22 22:31:09 theBorg emhttp: shcmd (4): mkdir -p /var/local/emhttp/smart
Mar 22 22:31:09 theBorg emhttp: shcmd (5): modprobe md-mod super=/boot/config/super.dat |& logger
Mar 22 22:31:09 theBorg kernel: md: unRAID driver 2.7.1 installed
Mar 22 22:31:09 theBorg emhttp: Basic key detected, GUID: 0..4 FILE: /boot/config/Basic.key
Mar 22 22:31:09 theBorg emhttp: unclean shutdown detected
Mar 22 22:31:09 theBorg emhttp: Device inventory:
Mar 22 22:31:09 theBorg emhttp: shcmd (6): udevadm settle
Mar 22 22:31:09 theBorg emhttp: WDC_WD40EFRX-68N32N0_WD-WCC7K6CZFT52 (sdd) 3907018532
Mar 22 22:31:09 theBorg emhttp: ST4000VN000-1H4168_Z3069XJ8 (sde) 3907018532
Mar 22 22:31:09 theBorg emhttp: ST4000VN000-2AH166_WDH02G0R (sdb) 3907018532
Mar 22 22:31:09 theBorg emhttp: ST4000VN000-1H4168_Z304HMKS (sdf) 3907018532
Mar 22 22:31:09 theBorg emhttp: ST3000DM001-1CH166_Z1F41Y2G (sdc) 2930266532
Mar 22 22:31:09 theBorg emhttp: SanDisk_Cruzer_Fit_4C531001381214111144-0:0 (sda) 15630304
Mar 22 22:31:09 theBorg kernel: mdcmd (1): import 0 sdb 3907018532 0 ST4000VN000-2AH166_WDH02G0R
Mar 22 22:31:09 theBorg kernel: md: import disk0: (sdb) ST4000VN000-2AH166_WDH02G0R size: 3907018532 
Mar 22 22:31:09 theBorg kernel: mdcmd (2): import 1 sde 3907018532 0 ST4000VN000-1H4168_Z3069XJ8
Mar 22 22:31:09 theBorg kernel: md: import disk1: (sde) ST4000VN000-1H4168_Z3069XJ8 size: 3907018532 
Mar 22 22:31:09 theBorg kernel: mdcmd (3): import 2 sdf 3907018532 0 ST4000VN000-1H4168_Z304HMKS
Mar 22 22:31:09 theBorg kernel: md: import disk2: (sdf) ST4000VN000-1H4168_Z304HMKS size: 3907018532 
Mar 22 22:31:09 theBorg kernel: mdcmd (4): import 3 sdc 2930266532 0 ST3000DM001-1CH166_Z1F41Y2G
Mar 22 22:31:09 theBorg kernel: md: import disk3: (sdc) ST3000DM001-1CH166_Z1F41Y2G size: 2930266532 
Mar 22 22:31:09 theBorg kernel: mdcmd (5): import 4 sdd 3907018532 0 WDC_WD40EFRX-68N32N0_WD-WCC7K6CZFT52
Mar 22 22:31:09 theBorg kernel: md: import disk4: (sdd) WDC_WD40EFRX-68N32N0_WD-WCC7K6CZFT52 size: 3907018532 
Mar 22 22:31:09 theBorg kernel: mdcmd (6): import 5
Mar 22 22:31:09 theBorg kernel: mdcmd (7): import 6
Mar 22 22:31:09 theBorg kernel: mdcmd (8): import 7
Mar 22 22:31:09 theBorg kernel: mdcmd (9): import 8
Mar 22 22:31:09 theBorg kernel: mdcmd (10): import 9
Mar 22 22:31:09 theBorg kernel: mdcmd (11): import 10
Mar 22 22:31:09 theBorg kernel: mdcmd (12): import 11
Mar 22 22:31:09 theBorg kernel: mdcmd (13): import 12
Mar 22 22:31:09 theBorg kernel: mdcmd (14): import 13
Mar 22 22:31:09 theBorg kernel: mdcmd (15): import 14
Mar 22 22:31:09 theBorg kernel: mdcmd (16): import 15
Mar 22 22:31:09 theBorg kernel: mdcmd (17): import 16
Mar 22 22:31:09 theBorg kernel: mdcmd (18): import 17
Mar 22 22:31:09 theBorg kernel: mdcmd (19): import 18
Mar 22 22:31:09 theBorg kernel: mdcmd (20): import 19
Mar 22 22:31:09 theBorg kernel: mdcmd (21): import 20
Mar 22 22:31:09 theBorg kernel: mdcmd (22): import 21
Mar 22 22:31:09 theBorg kernel: mdcmd (23): import 22
Mar 22 22:31:09 theBorg kernel: mdcmd (24): import 23
Mar 22 22:31:09 theBorg kernel: mdcmd (25): import 24
Mar 22 22:31:09 theBorg kernel: mdcmd (26): import 25
Mar 22 22:31:09 theBorg kernel: mdcmd (27): import 26
Mar 22 22:31:09 theBorg kernel: mdcmd (28): import 27
Mar 22 22:31:09 theBorg kernel: mdcmd (29): import 28
Mar 22 22:31:09 theBorg kernel: mdcmd (30): import 29
Mar 22 22:31:09 theBorg kernel: md: import_slot: 29 empty
Mar 22 22:31:09 theBorg emhttp: import 30 cache device: no device
Mar 22 22:31:09 theBorg emhttp: import 31 cache device: no device
Mar 22 22:31:09 theBorg emhttp: import 32 cache device: no device
Mar 22 22:31:09 theBorg emhttp: import 33 cache device: no device
Mar 22 22:31:09 theBorg emhttp: check_pool: no cache pool devices
Mar 22 22:31:09 theBorg emhttp: cacheUUID: 
Mar 22 22:31:09 theBorg emhttp: cacheNumDevices: 0
Mar 22 22:31:09 theBorg emhttp: cacheTotDevices: 0
Mar 22 22:31:09 theBorg emhttp: cacheNumMissing: 0
Mar 22 22:31:09 theBorg emhttp: cacheNumMisplaced: 0
Mar 22 22:31:09 theBorg emhttp: cacheNumExtra: 0
Mar 22 22:31:09 theBorg emhttp: import flash device: sda
Mar 22 22:31:10 theBorg emhttp: shcmd (13): /etc/rc.d/rc.nfsd start |& logger
Mar 22 22:31:10 theBorg root: Starting NFS server daemons:
Mar 22 22:31:10 theBorg root:   /usr/sbin/exportfs -r
Mar 22 22:31:10 theBorg root:   /usr/sbin/rpc.nfsd 8
Mar 22 22:31:10 theBorg root:   /usr/sbin/rpc.mountd
Mar 22 22:31:10 theBorg rpc.mountd[8511]: Version 1.3.3 starting
Mar 22 22:31:10 theBorg emhttp: shcmd (15): /etc/rc.d/rc.atalk start |& logger
Mar 22 22:31:10 theBorg root: starting netatalk: netatalk
Mar 22 22:31:10 theBorg emhttp: shcmd (16): cp /tmp/emhttp/afp.service /etc/avahi/services/afp.service
Mar 22 22:31:10 theBorg emhttp: shcmd (17): /etc/rc.d/rc.avahidaemon start |& logger
Mar 22 22:31:10 theBorg root: Starting Avahi mDNS/DNS-SD Daemon:  /usr/sbin/avahi-daemon -D
Mar 22 22:31:10 theBorg avahi-daemon[8530]: Found user 'avahi' (UID 61) and group 'avahi' (GID 214).
Mar 22 22:31:10 theBorg avahi-daemon[8530]: Successfully dropped root privileges.
Mar 22 22:31:10 theBorg avahi-daemon[8530]: avahi-daemon 0.6.32 starting up.
Mar 22 22:31:10 theBorg avahi-daemon[8530]: WARNING: No NSS support for mDNS detected, consider installing nss-mdns!
Mar 22 22:31:10 theBorg avahi-daemon[8530]: Successfully called chroot().
Mar 22 22:31:10 theBorg avahi-daemon[8530]: Successfully dropped remaining capabilities.
Mar 22 22:31:10 theBorg avahi-daemon[8530]: Loading service file /services/afp.service.
Mar 22 22:31:10 theBorg avahi-daemon[8530]: Loading service file /services/sftp-ssh.service.
Mar 22 22:31:10 theBorg avahi-daemon[8530]: Loading service file /services/smb.service.
Mar 22 22:31:10 theBorg avahi-daemon[8530]: Loading service file /services/ssh.service.
Mar 22 22:31:10 theBorg avahi-daemon[8530]: Joining mDNS multicast group on interface br0.IPv4 with address 192.168.2.26.
Mar 22 22:31:10 theBorg avahi-daemon[8530]: New relevant interface br0.IPv4 for mDNS.
Mar 22 22:31:10 theBorg avahi-daemon[8530]: Network interface enumeration completed.
Mar 22 22:31:10 theBorg avahi-daemon[8530]: Registering new address record for 192.168.2.26 on br0.IPv4.
Mar 22 22:31:10 theBorg emhttp: shcmd (18): /etc/rc.d/rc.avahidnsconfd start |& logger
Mar 22 22:31:10 theBorg root: Starting Avahi mDNS/DNS-SD DNS Server Configuration Daemon:  /usr/sbin/avahi-dnsconfd -D
Mar 22 22:31:10 theBorg avahi-dnsconfd[8539]: Successfully connected to Avahi daemon.
Mar 22 22:31:10 theBorg emhttp: autostart disabled
Mar 22 22:31:11 theBorg avahi-daemon[8530]: Server startup complete. Host name is theBorg.local. Local service cookie is 488810610.
Mar 22 22:31:11 theBorg avahi-daemon[8530]: Service "theBorg" (/services/ssh.service) successfully established.
Mar 22 22:31:11 theBorg avahi-daemon[8530]: Service "theBorg" (/services/smb.service) successfully established.
Mar 22 22:31:11 theBorg avahi-daemon[8530]: Service "theBorg" (/services/sftp-ssh.service) successfully established.
Mar 22 22:31:11 theBorg avahi-daemon[8530]: Service "theBorg-AFP" (/services/afp.service) successfully established.
Mar 22 22:31:31 theBorg emhttp: shcmd (23): rmmod md-mod |& logger
Mar 22 22:31:31 theBorg kernel: md: unRAID driver removed
Mar 22 22:31:31 theBorg emhttp: shcmd (24): modprobe md-mod super=/boot/config/super.dat |& logger
Mar 22 22:31:31 theBorg kernel: md: unRAID driver 2.7.1 installed
Mar 22 22:31:31 theBorg emhttp: Basic key detected, GUID: 0..4 FILE: /boot/config/Basic.key
Mar 22 22:31:31 theBorg emhttp: unclean shutdown detected
Mar 22 22:31:31 theBorg emhttp: Device inventory:
Mar 22 22:31:31 theBorg emhttp: shcmd (25): udevadm settle
Mar 22 22:31:31 theBorg emhttp: WDC_WD40EFRX-68N32N0_WD-WCC7K6CZFT52 (sdd) 3907018532
Mar 22 22:31:31 theBorg emhttp: ST4000VN000-1H4168_Z3069XJ8 (sde) 3907018532
Mar 22 22:31:31 theBorg emhttp: ST4000VN000-2AH166_WDH02G0R (sdb) 3907018532
Mar 22 22:31:31 theBorg emhttp: ST4000VN000-1H4168_Z304HMKS (sdf) 3907018532
Mar 22 22:31:31 theBorg emhttp: ST3000DM001-1CH166_Z1F41Y2G (sdc) 2930266532
Mar 22 22:31:31 theBorg emhttp: SanDisk_Cruzer_Fit_4C531001381214111144-0:0 (sda) 15630304
Mar 22 22:31:31 theBorg kernel: mdcmd (1): import 0 sdb 3907018532 0 ST4000VN000-2AH166_WDH02G0R
